Archive member included to satisfy reference by file (symbol)

/opt/devkitpro/libogc/lib/wii/libwiiuse.a(wpad.o)
                              input.o (WPAD_Init)
/opt/devkitpro/libogc/lib/wii/libwiiuse.a(motion_plus.o)
                              /opt/devkitpro/libogc/lib/wii/libwiiuse.a(wpad.o) (wiiuse_set_motion_plus)
/opt/devkitpro/libogc/lib/wii/libwiiuse.a(dynamics.o)
                              /opt/devkitpro/libogc/lib/wii/libwiiuse.a(wpad.o) (calculate_gforce)
/opt/devkitpro/libogc/lib/wii/libwiiuse.a(io.o)
                              /opt/devkitpro/libogc/lib/wii/libwiiuse.a(motion_plus.o) (wiiuse_disable_expansion)
/opt/devkitpro/libogc/lib/wii/libwiiuse.a(io_wii.o)
                              /opt/devkitpro/libogc/lib/wii/libwiiuse.a(wpad.o) (__wiiuse_sensorbar_enable)
/opt/devkitpro/libogc/lib/wii/libwiiuse.a(ir.o)
                              /opt/devkitpro/libogc/lib/wii/libwiiuse.a(motion_plus.o) (wiiuse_set_ir_mode)
/opt/devkitpro/libogc/lib/wii/libwiiuse.a(nunchuk.o)
                              /opt/devkitpro/libogc/lib/wii/libwiiuse.a(io.o) (nunchuk_handshake)
/opt/devkitpro/libogc/lib/wii/libwiiuse.a(wiiboard.o)
                              /opt/devkitpro/libogc/lib/wii/libwiiuse.a(io.o) (wii_board_handshake)
/opt/devkitpro/libogc/lib/wii/libwiiuse.a(wiiuse.o)
                              /opt/devkitpro/libogc/lib/wii/libwiiuse.a(wpad.o) (wiiuse_init)
/opt/devkitpro/libogc/lib/wii/libwiiuse.a(speaker.o)
                              /opt/devkitpro/libogc/lib/wii/libwiiuse.a(wpad.o) (wencdata)
/opt/devkitpro/libogc/lib/wii/libwiiuse.a(classic.o)
                              /opt/devkitpro/libogc/lib/wii/libwiiuse.a(io.o) (classic_ctrl_handshake)
/opt/devkitpro/libogc/lib/wii/libwiiuse.a(events.o)
                              /opt/devkitpro/libogc/lib/wii/libwiiuse.a(io_wii.o) (parse_event)
/opt/devkitpro/libogc/lib/wii/libwiiuse.a(guitar_hero_3.o)
                              /opt/devkitpro/libogc/lib/wii/libwiiuse.a(io.o) (guitar_hero_3_handshake)
/opt/devkitpro/libogc/lib/wii/libbte.a(bte.o)
                              /opt/devkitpro/libogc/lib/wii/libwiiuse.a(wpad.o) (BTE_Init)
/opt/devkitpro/libogc/lib/wii/libbte.a(hci.o)
                              /opt/devkitpro/libogc/lib/wii/libbte.a(bte.o) (hci_init)
/opt/devkitpro/libogc/lib/wii/libbte.a(l2cap.o)
                              /opt/devkitpro/libogc/lib/wii/libbte.a(bte.o) (l2cap_init)
/opt/devkitpro/libogc/lib/wii/libbte.a(btmemb.o)
                              /opt/devkitpro/libogc/lib/wii/libbte.a(bte.o) (btmemb_init)
/opt/devkitpro/libogc/lib/wii/libbte.a(btmemr.o)
                              /opt/devkitpro/libogc/lib/wii/libbte.a(hci.o) (btmemr_init)
/opt/devkitpro/libogc/lib/wii/libbte.a(btpbuf.o)
                              /opt/devkitpro/libogc/lib/wii/libbte.a(hci.o) (btpbuf_init)
/opt/devkitpro/libogc/lib/wii/libbte.a(physbusif.o)
                              /opt/devkitpro/libogc/lib/wii/libbte.a(bte.o) (physbusif_init)
/opt/devkitpro/libogc/lib/wii/libogc.a(common_crt0.o)
                              (__app_start)
/opt/devkitpro/libogc/lib/wii/libogc.a(early_init.o)
                              /opt/devkitpro/libogc/lib/wii/libogc.a(common_crt0.o) (PPCEarlyInit)
/opt/devkitpro/libogc/lib/wii/libogc.a(default_stacks.o)
                              /opt/devkitpro/libogc/lib/wii/libogc.a(common_crt0.o) (__ppc_main_sp)
/opt/devkitpro/libogc/lib/wii/libogc.a(exception.o)
                              /opt/devkitpro/libogc/lib/wii/libogc.a(common_crt0.o) (PPCExcptInit)
/opt/devkitpro/libogc/lib/wii/libogc.a(exception_asm.o)
                              /opt/devkitpro/libogc/lib/wii/libogc.a(exception.o) (PPCExcptEntryGeneral)
/opt/devkitpro/libogc/lib/wii/libogc.a(interrupt.o)
                              /opt/devkitpro/libogc/lib/wii/libogc.a(common_crt0.o) (KIrqInit)
/opt/devkitpro/libogc/lib/wii/libogc.a(interrupt_asm.o)
                              /opt/devkitpro/libogc/lib/wii/libogc.a(interrupt.o) (PPCExcptIrqHandler)
/opt/devkitpro/libogc/lib/wii/libogc.a(thread.o)
                              /opt/devkitpro/libogc/lib/wii/libogc.a(common_crt0.o) (KThreadInit)
/opt/devkitpro/libogc/lib/wii/libogc.a(sync.o)
                              /opt/devkitpro/libogc/lib/wii/libogc.a(thread.o) (KThreadUpdateDynamicPrio)
/opt/devkitpro/libogc/lib/wii/libogc.a(tick.o)
                              /opt/devkitpro/libogc/lib/wii/libogc.a(interrupt.o) (KTickTaskRun)
/opt/devkitpro/libogc/lib/wii/libogc.a(newlib_syscalls.o)
                              /opt/devkitpro/libogc/lib/wii/libogc.a(common_crt0.o) (__newlib_syscalls)
/opt/devkitpro/libogc/lib/wii/libogc.a(lwpc_alarm.o)
                              /opt/devkitpro/libogc/lib/wii/libwiiuse.a(wpad.o) (SYS_CreateAlarm)
/opt/devkitpro/libogc/lib/wii/libogc.a(lwpc_queue.o)
                              /opt/devkitpro/libogc/lib/wii/libbte.a(bte.o) (LWP_InitQueue)
/opt/devkitpro/libogc/lib/wii/libogc.a(lwpc_thread.o)
[...]
Memory Configuration

Name             Origin             Length             Attributes
*default*        0x00000000         0xffffffff

Linker script and memory map

                0x00003400                        . = 0x3400

.stub
 *(.stub)
                0x80003f00                        . = 0x80003f00
                0x90002000                        PROVIDE (__Arena2Lo = 0x90002000)
                0x933e0000                        PROVIDE (__Arena2Hi = 0x933e0000)
                0x933e0000                        PROVIDE (__ipcbufferLo = 0x933e0000)
                0x93400000                        PROVIDE (__ipcbufferHi = 0x93400000)
                0x00000000                        PROVIDE (__isIPL = 0x0)
                0x800000d0                        PROVIDE (__ppc_excpt_buf = 0x800000d0)
                0x80003000                        PROVIDE (__ppc_excpt_table = 0x80003000)

.init           0x80003f00       0xa4
 *(.crt0 .crt0.*)
 .crt0.__app_start
                0x80003f00       0xa4 /opt/devkitpro/libogc/lib/wii/libogc.a(common_crt0.o)
                0x80003f00                __app_start

.text           0x80003fb0    0x41eb0
 *(SORT_NONE(.init))
 .init          0x80003fb0        0xc /opt/devkitpro/devkitPPC/lib/gcc/powerpc-eabi/16.1.0/ecrti.o
                0x80003fb0                __init
 .init          0x80003fbc        0x4 /opt/devkitpro/devkitPPC/lib/gcc/powerpc-eabi/16.1.0/crtbegin.o
 .init          0x80003fc0        0x4 /opt/devkitpro/devkitPPC/lib/gcc/powerpc-eabi/16.1.0/crtend.o
 .init          0x80003fc4       0x10 /opt/devkitpro/devkitPPC/lib/gcc/powerpc-eabi/16.1.0/ecrtn.o
 *(.text.unlikely .text.*_unlikely .text.unlikely.*)
 .text.unlikely.abort
                0x80003fd4       0x2c /opt/devkitpro/devkitPPC/lib/gcc/powerpc-eabi/16.1.0/../../../../powerpc-eabi/lib/libsysbase.a(libsysbase_libsysbase_a-abort.o)
                0x80003fd4                abort
 *(.text.exit .text.exit.*)
 .text.exit     0x80004000       0x3c /opt/devkitpro/devkitPPC/lib/gcc/powerpc-eabi/16.1.0/../../../../powerpc-eabi/lib/libc.a(libc_a-exit.o)
                0x80004000                exit
 *(.text.startup .text.startup.*)
 .text.startup.main
                0x8000403c      0x34c main.o
                0x8000403c                main
 .text.startup.register_fini
                0x80004388        0xc /opt/devkitpro/devkitPPC/lib/gcc/powerpc-eabi/16.1.0/../../../../powerpc-eabi/lib/libc.a(libc_a-__call_atexit.o)
 *(.text.hot .text.hot.*)
 *(SORT_BY_NAME(.text.sorted.*))
 *(.text .iplt .stub .text.* .gnu.linkonce.t.*)
 .text.__do_global_dtors_aux
                0x80004394       0xcc /opt/devkitpro/devkitPPC/lib/gcc/powerpc-eabi/16.1.0/crtbegin.o
 .text.frame_dummy
                0x80004460       0x24 /opt/devkitpro/devkitPPC/lib/gcc/powerpc-eabi/16.1.0/crtbegin.o
 *fill*         0x80004484        0x0 00000000
 .iplt          0x80004484        0x0 /opt/devkitpro/devkitPPC/lib/gcc/powerpc-eabi/16.1.0/crtbegin.o
 .text.input_init
                0x80004484        0x4 input.o
                0x80004484                input_init
 .text.input_scan
                0x80004488       0x24 input.o
                0x80004488                input_scan
 .text.input_thrust_pressed
                0x800044ac       0x28 input.o
                0x800044ac                input_thrust_pressed
 .text.input_home_pressed
                0x800044d4       0x28 input.o
                0x800044d4                input_home_pressed
 .text.input_start_pressed
                0x800044fc       0x28 input.o
                0x800044fc                input_start_pressed
 .text.get_obstacle_offset
                0x80004524      0x128 obstacles.o
 .text.obstacles_init
                0x8000464c       0x18 obstacles.o
                0x8000464c                obstacles_init
 .text.obstacles_create
                0x80004664      0x218 obstacles.o
                0x80004664                obstacles_create
 .text.obstacles_update
                0x8000487c      0x100 obstacles.o
                0x8000487c                obstacles_update
 .text.obstacles_check_collision
                0x8000497c      0x4a4 obstacles.o
                0x8000497c                obstacles_check_collision
 .text.obstacles_check_score
                0x80004e20       0xb8 obstacles.o
                0x80004e20                obstacles_check_score
 .text.obstacles_get_count
                0x80004ed8        0xc obstacles.o
                0x80004ed8                obstacles_get_count
 .text.obstacles_get
                0x80004ee4       0x3c obstacles.o
                0x80004ee4                obstacles_get
 .text.player_init
                0x80004f20       0x68 player.o
                0x80004f20                player_init
 .text.player_update
                0x80004f88       0xfc player.o
                0x80004f88                player_update
 .text.renderer_init
                0x80005084       0x88 renderer.o
                0x80005084                renderer_init
 .text.renderer_draw_background
                0x8000510c       0x38 renderer.o
                0x8000510c                renderer_draw_background
 .text.renderer_draw_stars
                0x80005144       0xe0 renderer.o
                0x80005144                renderer_draw_stars
 .text.renderer_draw_obstacles
                0x80005224      0x14c renderer.o
                0x80005224                renderer_draw_obstacles
 .text.renderer_draw_player
                0x80005370       0x94 renderer.o
                0x80005370                renderer_draw_player
 .text.renderer_draw_score
                0x80005404       0x14 renderer.o
                0x80005404                renderer_draw_score
 .text.scoring_reset
                0x80005418       0x10 scoring.o
                0x80005418                scoring_reset
 .text.scoring_get
                0x80005428        0xc scoring.o
                0x80005428                scoring_get
 .text.scoring_increment
                0x80005434       0x14 scoring.o
                0x80005434                scoring_increment
 .text.scoring_load
                0x80005448      0x254 scoring.o
                0x80005448                scoring_load
 .text.scoring_init
                0x8000569c        0x4 scoring.o
                0x8000569c                scoring_init
 .text.stars_init
                0x800056a0      0x1e0 stars.o
                0x800056a0                stars_init
 .text.stars_update
                0x80005880       0x74 stars.o
                0x80005880                stars_update
 .text.stars_get
                0x800058f4       0x24 stars.o
                0x800058f4                stars_get
 .text.stars_get_count
                0x80005918        0x8 stars.o
                0x80005918                stars_get_count
 .text.hue_to_rgb
                0x80005920       0xac theme.o
 .text.theme_hsl_to_rgb
                0x800059cc      0x140 theme.o
                0x800059cc                theme_hsl_to_rgb
 .text.theme_generate
                0x80005b0c      0x1d4 theme.o
                0x80005b0c                theme_generate
 .text.__wpad_setevtfilter_finished
                0x80005ce0       0x60 /opt/devkitpro/libogc/lib/wii/libwiiuse.a(wpad.o)
 .text.__wpad_disconnectCB
                0x80005d40      0x1a8 /opt/devkitpro/libogc/lib/wii/libwiiuse.a(wpad.o)
                0x80005d40                __wpad_disconnectCB
 .text.__wpad_hostsyncbuttonCB
                0x80005ee8       0x7c /opt/devkitpro/libogc/lib/wii/libwiiuse.a(wpad.o)
 .text.GetActiveSlot
                0x80005f64       0x8c /opt/devkitpro/libogc/lib/wii/libwiiuse.a(wpad.o)
 .text.__wpad_assign_slot
                0x80005ff0      0x160 /opt/devkitpro/libogc/lib/wii/libwiiuse.a(wpad.o)
                0x80005ff0                __wpad_assign_slot
 .text.__wpad_register_new
                0x80006150      0x460 /opt/devkitpro/libogc/lib/wii/libwiiuse.a(wpad.o)
                0x80006150                __wpad_register_new
 .text.__wpad_def_powcb
                0x800065b0        0x4 /opt/devkitpro/libogc/lib/wii/libwiiuse.a(wpad.o)
 .text.__wpad_read_remote_name_finished
                0x800065b4      0x240 /opt/devkitpro/libogc/lib/wii/libwiiuse.a(wpad.o)
                0x800065b4                __wpad_read_remote_name_finished
 .text.__wpad_confsave_thread_func
                0x800067f4       0x58 /opt/devkitpro/libogc/lib/wii/libwiiuse.a(wpad.o)
 .text.__initcore_finished
                0x8000684c       0x90 /opt/devkitpro/libogc/lib/wii/libwiiuse.a(wpad.o)
 .text.__readlinkkey_finished
                0x800068dc      0x124 /opt/devkitpro/libogc/lib/wii/libwiiuse.a(wpad.o)
 .text.__wpad_patch_finished
                0x80006a00       0x7c /opt/devkitpro/libogc/lib/wii/libwiiuse.a(wpad.o)
 .text.__wpad_init_finished
                0x80006a7c       0x88 /opt/devkitpro/libogc/lib/wii/libwiiuse.a(wpad.o)
 .text.__wpad_linkkeynotCB
                0x80006b04      0x320 /opt/devkitpro/libogc/lib/wii/libwiiuse.a(wpad.o)
 .text.__wpad_linkkeyreqCB
                0x80006e24      0x16c /opt/devkitpro/libogc/lib/wii/libwiiuse.a(wpad.o)
 .text.__wpad_connreqCB
                0x80006f90      0x2bc /opt/devkitpro/libogc/lib/wii/libwiiuse.a(wpad.o)
 .text.__wpad_setfmt
                0x8000724c      0x14c /opt/devkitpro/libogc/lib/wii/libwiiuse.a(wpad.o)
 .text.__wpad_eventCB
                0x80007398      0xbd4 /opt/devkitpro/libogc/lib/wii/libwiiuse.a(wpad.o)
 .text.__wpad_inquiry_finished
                0x80007f6c      0x124 /opt/devkitpro/libogc/lib/wii/libwiiuse.a(wpad.o)
                0x80007f6c                __wpad_inquiry_finished
 .text.__wpad_timeouthandler
                0x80008090       0xd8 /opt/devkitpro/libogc/lib/wii/libwiiuse.a(wpad.o)
 .text.__WPADClearActiveList
                0x80008168      0x110 /opt/devkitpro/libogc/lib/wii/libwiiuse.a(wpad.o)
                0x80008168                __WPADClearActiveList
 .text.WPAD_WipeSavedControllers
                0x80008278      0x138 /opt/devkitpro/libogc/lib/wii/libwiiuse.a(wpad.o)
                0x80008278                WPAD_WipeSavedControllers
 .text.__wpad_def_hostsynccb
                0x800083b0       0x60 /opt/devkitpro/libogc/lib/wii/libwiiuse.a(wpad.o)
 .text.WPAD_ReadEvent
                0x80008410      0x638 /opt/devkitpro/libogc/lib/wii/libwiiuse.a(wpad.o)
                0x80008410                WPAD_ReadEvent
 .text.WPAD_ReadPending
                0x80008a48      0x1b4 /opt/devkitpro/libogc/lib/wii/libwiiuse.a(wpad.o)
                0x80008a48                WPAD_ReadPending
 .text.WPAD_Shutdown
                0x80008bfc      0x13c /opt/devkitpro/libogc/lib/wii/libwiiuse.a(wpad.o)
                0x80008bfc                WPAD_Shutdown
 .text.WPAD_Init
                0x80008d38      0x30c /opt/devkitpro/libogc/lib/wii/libwiiuse.a(wpad.o)
                0x80008d38                WPAD_Init
 .text.__wpad_onreset
                0x80009044       0x34 /opt/devkitpro/libogc/lib/wii/libwiiuse.a(wpad.o)
 .text.WPAD_ScanPads
                0x80009078       0x7c /opt/devkitpro/libogc/lib/wii/libwiiuse.a(wpad.o)
                0x80009078                WPAD_ScanPads
 .text.WPAD_ButtonsDown
                0x800090f4       0x28 /opt/devkitpro/libogc/lib/wii/libwiiuse.a(wpad.o)
                0x800090f4                WPAD_ButtonsDown
 .text.WPAD_ButtonsHeld
                0x8000911c       0x28 /opt/devkitpro/libogc/lib/wii/libwiiuse.a(wpad.o)
                0x8000911c                WPAD_ButtonsHeld
 .text.motion_plus_disconnected
                0x80009144       0x10 /opt/devkitpro/libogc/lib/wii/libwiiuse.a(motion_plus.o)
                0x80009144                motion_plus_disconnected
 .text.motion_plus_event
                0x80009154       0x64 /opt/devkitpro/libogc/lib/wii/libwiiuse.a(motion_plus.o)
                0x80009154                motion_plus_event
 .text.calculate_gforce
                0x800091b8      0x114 /opt/devkitpro/libogc/lib/wii/libwiiuse.a(dynamics.o)
                0x800091b8                calculate_gforce
 .text.calc_joystick_state
                0x800092cc      0x208 /opt/devkitpro/libogc/lib/wii/libwiiuse.a(dynamics.o)
                0x800092cc                calc_joystick_state
 .text.apply_smoothing
                0x800094d4      0x110 /opt/devkitpro/libogc/lib/wii/libwiiuse.a(dynamics.o)
                0x800094d4                apply_smoothing
 .text.calculate_orientation
                0x800095e4      0x360 /opt/devkitpro/libogc/lib/wii/libwiiuse.a(dynamics.o)
                0x800095e4                calculate_orientation
 .text.calc_balanceboard_state
                0x80009944      0x3a4 /opt/devkitpro/libogc/lib/wii/libwiiuse.a(dynamics.o)
                0x80009944                calc_balanceboard_state
 .text.wiiuse_handshake
                0x80009ce8      0x24c /opt/devkitpro/libogc/lib/wii/libwiiuse.a(io.o)
                0x80009ce8                wiiuse_handshake
 .text.wiiuse_handshake_expansion
                0x80009f34      0x210 /opt/devkitpro/libogc/lib/wii/libwiiuse.a(io.o)
                0x80009f34                wiiuse_handshake_expansion
 .text.wiiuse_handshake_expansion_start
                0x8000a144       0x5c /opt/devkitpro/libogc/lib/wii/libwiiuse.a(io.o)
                0x8000a144                wiiuse_handshake_expansion_start
 .text.wiiuse_disable_expansion
                0x8000a1a0      0x1b0 /opt/devkitpro/libogc/lib/wii/libwiiuse.a(io.o)
                0x8000a1a0                wiiuse_disable_expansion
 .text.__wiiuse_connected
                0x8000a350       0xac /opt/devkitpro/libogc/lib/wii/libwiiuse.a(io_wii.o)
 .text.__wiiuse_disconnected
                0x8000a3fc       0xc8 /opt/devkitpro/libogc/lib/wii/libwiiuse.a(io_wii.o)
 .text.__wiiuse_receive
                0x8000a4c4       0xc4 /opt/devkitpro/libogc/lib/wii/libwiiuse.a(io_wii.o)
 .text.__wiiuse_accept_step2
                0x8000a588       0x5c /opt/devkitpro/libogc/lib/wii/libwiiuse.a(io_wii.o)
 .text.__wiiuse_connect_step2
                0x8000a5e4       0x5c /opt/devkitpro/libogc/lib/wii/libwiiuse.a(io_wii.o)
 .text.__wiiuse_sensorbar_enable
                0x8000a640       0x50 /opt/devkitpro/libogc/lib/wii/libwiiuse.a(io_wii.o)
                0x8000a640                __wiiuse_sensorbar_enable
 .text.wiiuse_accept
                0x8000a690      0x15c /opt/devkitpro/libogc/lib/wii/libwiiuse.a(io_wii.o)
                0x8000a690                wiiuse_accept
 .text.wiiuse_connect
                0x8000a7ec      0x15c /opt/devkitpro/libogc/lib/wii/libwiiuse.a(io_wii.o)
                0x8000a7ec                wiiuse_connect
 .text.wiiuse_disconnect
                0x8000a948       0x50 /opt/devkitpro/libogc/lib/wii/libwiiuse.a(io_wii.o)
                0x8000a948                wiiuse_disconnect
 .text.wiiuse_init_cmd_queue
                0x8000a998       0xa4 /opt/devkitpro/libogc/lib/wii/libwiiuse.a(io_wii.o)
                0x8000a998                wiiuse_init_cmd_queue
 .text.wiiuse_io_write
                0x8000aa3c       0x1c /opt/devkitpro/libogc/lib/wii/libwiiuse.a(io_wii.o)
                0x8000aa3c                wiiuse_io_write
 .text.rotate_dots
                0x8000aa58      0x134 /opt/devkitpro/libogc/lib/wii/libwiiuse.a(ir.o)
 .text.wiiuse_set_ir_mode
                0x8000ab8c       0x5c /opt/devkitpro/libogc/lib/wii/libwiiuse.a(ir.o)
                0x8000ab8c                wiiuse_set_ir_mode
 .text.wiiuse_set_ir
                0x8000abe8      0x25c /opt/devkitpro/libogc/lib/wii/libwiiuse.a(ir.o)
                0x8000abe8                wiiuse_set_ir
 .text.wiiuse_set_ir_position
                0x8000ae44       0x80 /opt/devkitpro/libogc/lib/wii/libwiiuse.a(ir.o)
                0x8000ae44                wiiuse_set_ir_position
 .text.wiiuse_set_aspect_ratio
                0x8000aec4       0xac /opt/devkitpro/libogc/lib/wii/libwiiuse.a(ir.o)
                0x8000aec4                wiiuse_set_aspect_ratio
 .text.wiiuse_set_ir_sensitivity
                0x8000af70      0x190 /opt/devkitpro/libogc/lib/wii/libwiiuse.a(ir.o)
                0x8000af70                wiiuse_set_ir_sensitivity
 .text.calculate_basic_ir
                0x8000b100       0xe8 /opt/devkitpro/libogc/lib/wii/libwiiuse.a(ir.o)
                0x8000b100                calculate_basic_ir
 .text.calculate_extended_ir
                0x8000b1e8       0x64 /opt/devkitpro/libogc/lib/wii/libwiiuse.a(ir.o)
                0x8000b1e8                calculate_extended_ir
 .text.find_sensorbar
                0x8000b24c      0xacc /opt/devkitpro/libogc/lib/wii/libwiiuse.a(ir.o)
                0x8000b24c                find_sensorbar
 .text.apply_ir_smoothing
                0x8000bd18      0x120 /opt/devkitpro/libogc/lib/wii/libwiiuse.a(ir.o)
                0x8000bd18                apply_ir_smoothing
 .text.interpret_ir_data
                0x8000be38      0x3e8 /opt/devkitpro/libogc/lib/wii/libwiiuse.a(ir.o)
                0x8000be38                interpret_ir_data
 .text.nunchuk_handshake
                0x8000c220      0x390 /opt/devkitpro/libogc/lib/wii/libwiiuse.a(nunchuk.o)
                0x8000c220                nunchuk_handshake
 .text.nunchuk_disconnected
                0x8000c5b0        0xc /opt/devkitpro/libogc/lib/wii/libwiiuse.a(nunchuk.o)
                0x8000c5b0                nunchuk_disconnected
 .text.nunchuk_event
                0x8000c5bc       0xe8 /opt/devkitpro/libogc/lib/wii/libwiiuse.a(nunchuk.o)
                0x8000c5bc                nunchuk_event
 .text.wii_board_handshake
                0x8000c6a4      0x28c /opt/devkitpro/libogc/lib/wii/libwiiuse.a(wiiboard.o)
                0x8000c6a4                wii_board_handshake
 .text.wii_board_disconnected
                0x8000c930        0xc /opt/devkitpro/libogc/lib/wii/libwiiuse.a(wiiboard.o)
                0x8000c930                wii_board_disconnected
 .text.wii_board_event
                0x8000c93c       0x24 /opt/devkitpro/libogc/lib/wii/libwiiuse.a(wiiboard.o)
                0x8000c93c                wii_board_event
 .text.wiiuse_send_next_command
                0x8000c960       0x58 /opt/devkitpro/libogc/lib/wii/libwiiuse.a(wiiuse.o)
                0x8000c960                wiiuse_send_next_command
 .text.wiiuse_init
                0x8000c9b8      0x1fc /opt/devkitpro/libogc/lib/wii/libwiiuse.a(wiiuse.o)
                0x8000c9b8                wiiuse_init
 .text.wiiuse_set_flags
                0x8000cbb4       0x28 /opt/devkitpro/libogc/lib/wii/libwiiuse.a(wiiuse.o)
                0x8000cbb4                wiiuse_set_flags
 .text.wiiuse_read_data
                0x8000cbdc      0x120 /opt/devkitpro/libogc/lib/wii/libwiiuse.a(wiiuse.o)
                0x8000cbdc                wiiuse_read_data
 .text.wiiuse_write_data
                0x8000ccfc      0x158 /opt/devkitpro/libogc/lib/wii/libwiiuse.a(wiiuse.o)
                0x8000ccfc                wiiuse_write_data
 .text.wiiuse_sendcmd
                0x8000ce54      0x13c /opt/devkitpro/libogc/lib/wii/libwiiuse.a(wiiuse.o)
                0x8000ce54                wiiuse_sendcmd
 .text.wiiuse_set_leds
                0x8000cf90       0x50 /opt/devkitpro/libogc/lib/wii/libwiiuse.a(wiiuse.o)
                0x8000cf90                wiiuse_set_leds
 .text.wiiuse_set_report_type
                0x8000cfe0       0xb4 /opt/devkitpro/libogc/lib/wii/libwiiuse.a(wiiuse.o)
                0x8000cfe0                wiiuse_set_report_type
 .text.wiiuse_status
                0x8000d094       0x4c /opt/devkitpro/libogc/lib/wii/libwiiuse.a(wiiuse.o)
                0x8000d094                wiiuse_status
 .text.wiiuse_motion_sensing
                0x8000d0e0       0x84 /opt/devkitpro/libogc/lib/wii/libwiiuse.a(wiiuse.o)
                0x8000d0e0                wiiuse_motion_sensing
 .text.wiiuse_set_speaker
                0x8000d164      0x248 /opt/devkitpro/libogc/lib/wii/libwiiuse.a(speaker.o)
                0x8000d164                wiiuse_set_speaker
 .text.classic_ctrl_pressed_buttons
                0x8000d3ac       0x4c /opt/devkitpro/libogc/lib/wii/libwiiuse.a(classic.o)
 .text.classic_ctrl_handshake
                0x8000d3f8      0x460 /opt/devkitpro/libogc/lib/wii/libwiiuse.a(classic.o)
                0x8000d3f8                classic_ctrl_handshake
 .text.classic_ctrl_disconnected
                0x8000d858        0xc /opt/devkitpro/libogc/lib/wii/libwiiuse.a(classic.o)
                0x8000d858                classic_ctrl_disconnected
 .text.classic_ctrl_event
                0x8000d864      0x19c /opt/devkitpro/libogc/lib/wii/libwiiuse.a(classic.o)
                0x8000d864                classic_ctrl_event
 .text.handle_expansion
                0x8000da00       0x54 /opt/devkitpro/libogc/lib/wii/libwiiuse.a(events.o)
 .text.parse_event
                0x8000da54      0x73c /opt/devkitpro/libogc/lib/wii/libwiiuse.a(events.o)
                0x8000da54                parse_event
 .text.guitar_hero_3_handshake
                0x8000e190       0x5c /opt/devkitpro/libogc/lib/wii/libwiiuse.a(guitar_hero_3.o)
                0x8000e190                guitar_hero_3_handshake
 .text.guitar_hero_3_disconnected
                0x8000e1ec        0xc /opt/devkitpro/libogc/lib/wii/libwiiuse.a(guitar_hero_3.o)
                0x8000e1ec                guitar_hero_3_disconnected
 .text.guitar_hero_3_event
                0x8000e1f8       0x60 /opt/devkitpro/libogc/lib/wii/libwiiuse.a(guitar_hero_3.o)
                0x8000e1f8                guitar_hero_3_event
 .text.acl_wlp_completed
                0x8000e258        0x8 /opt/devkitpro/libogc/lib/wii/libbte.a(bte.o)
                0x8000e258                acl_wlp_completed
 .text.bt_alarmhandler
                0x8000e260        0x4 /opt/devkitpro/libogc/lib/wii/libbte.a(bte.o)
 .text.__bte_send_pending_request
                0x8000e264      0x11c /opt/devkitpro/libogc/lib/wii/libbte.a(bte.o)
 .text.acl_conn_complete
                0x8000e380       0x28 /opt/devkitpro/libogc/lib/wii/libbte.a(bte.o)
                0x8000e380                acl_conn_complete
 .text.acl_auth_complete
                0x8000e3a8       0x2c /opt/devkitpro/libogc/lib/wii/libbte.a(bte.o)
                0x8000e3a8                acl_auth_complete
 .text.pin_req  0x8000e3d4       0x8c /opt/devkitpro/libogc/lib/wii/libbte.a(bte.o)
                0x8000e3d4                pin_req
 .text.l2cap_connected
                0x8000e460       0xf0 /opt/devkitpro/libogc/lib/wii/libbte.a(bte.o)
                0x8000e460                l2cap_connected
 .text.l2cap_accepted
                0x8000e550       0xe8 /opt/devkitpro/libogc/lib/wii/libbte.a(bte.o)
                0x8000e550                l2cap_accepted
 .text.bte_inquiry_complete
                0x8000e638      0x230 /opt/devkitpro/libogc/lib/wii/libbte.a(bte.o)
                0x8000e638                bte_inquiry_complete
 .text.l2cap_disconnect_cfm
                0x8000e868      0x180 /opt/devkitpro/libogc/lib/wii/libbte.a(bte.o)
                0x8000e868                l2cap_disconnect_cfm
 .text.bte_process_input
                0x8000e9e8      0x120 /opt/devkitpro/libogc/lib/wii/libbte.a(bte.o)
 .text.l2cap_disconnected_ind
                0x8000eb08      0x18c /opt/devkitpro/libogc/lib/wii/libbte.a(bte.o)
                0x8000eb08                l2cap_disconnected_ind
 .text.__bte_shutdown_finished
                0x8000ec94       0xe0 /opt/devkitpro/libogc/lib/wii/libbte.a(bte.o)
 .text.bte_hci_apply_patch_complete
                0x8000ed74      0x148 /opt/devkitpro/libogc/lib/wii/libbte.a(bte.o)
                0x8000ed74                bte_hci_apply_patch_complete
 .text.bte_hci_patch_complete
                0x8000eebc      0x340 /opt/devkitpro/libogc/lib/wii/libbte.a(bte.o)
                0x8000eebc                bte_hci_patch_complete
 .text.bte_read_remote_name_complete
                0x8000f1fc      0x178 /opt/devkitpro/libogc/lib/wii/libbte.a(bte.o)
                0x8000f1fc                bte_read_remote_name_complete
 .text.bte_hci_initcore_complete
                0x8000f374      0x278 /opt/devkitpro/libogc/lib/wii/libbte.a(bte.o)
                0x8000f374                bte_hci_initcore_complete
 .text.bte_read_stored_link_key_complete
                0x8000f5ec      0x274 /opt/devkitpro/libogc/lib/wii/libbte.a(bte.o)
                0x8000f5ec                bte_read_stored_link_key_complete
 .text.bte_set_evt_filter_complete
                0x8000f860      0x1c4 /opt/devkitpro/libogc/lib/wii/libbte.a(bte.o)
                0x8000f860                bte_set_evt_filter_complete
 .text.bte_hci_initcore_complete2
                0x8000fa24      0x218 /opt/devkitpro/libogc/lib/wii/libbte.a(bte.o)
 .text.bte_hci_initsub_complete
                0x8000fc3c      0x260 /opt/devkitpro/libogc/lib/wii/libbte.a(bte.o)
                0x8000fc3c                bte_hci_initsub_complete
 .text.BTE_Init
                0x8000fe9c      0x148 /opt/devkitpro/libogc/lib/wii/libbte.a(bte.o)
                0x8000fe9c                BTE_Init
 .text.BTE_Close
                0x8000ffe4       0x58 /opt/devkitpro/libogc/lib/wii/libbte.a(bte.o)
                0x8000ffe4                BTE_Close
 .text.BTE_Shutdown
                0x8001003c       0xfc /opt/devkitpro/libogc/lib/wii/libbte.a(bte.o)
                0x8001003c                BTE_Shutdown
 .text.BTE_InitCore
                0x80010138       0x74 /opt/devkitpro/libogc/lib/wii/libbte.a(bte.o)
                0x80010138                BTE_InitCore
 .text.BTE_ApplyPatch
                0x800101ac       0x8c /opt/devkitpro/libogc/lib/wii/libbte.a(bte.o)
                0x800101ac                BTE_ApplyPatch
 .text.BTE_InitSub
                0x80010238       0x78 /opt/devkitpro/libogc/lib/wii/libbte.a(bte.o)
                0x80010238                BTE_InitSub
 .text.BTE_ReadStoredLinkKey
                0x800102b0       0x78 /opt/devkitpro/libogc/lib/wii/libbte.a(bte.o)
                0x800102b0                BTE_ReadStoredLinkKey
 .text.BTE_SetEvtFilter
                0x80010328       0xa0 /opt/devkitpro/libogc/lib/wii/libbte.a(bte.o)
                0x80010328                BTE_SetEvtFilter
 .text.BTE_ReadRemoteName
                0x800103c8       0x74 /opt/devkitpro/libogc/lib/wii/libbte.a(bte.o)
                0x800103c8                BTE_ReadRemoteName
 .text.BTE_LinkKeyRequestReply
                0x8001043c       0x84 /opt/devkitpro/libogc/lib/wii/libbte.a(bte.o)
                0x8001043c                BTE_LinkKeyRequestReply
 .text.BTE_LinkKeyRequestNegativeReply
                0x800104c0       0x74 /opt/devkitpro/libogc/lib/wii/libbte.a(bte.o)
                0x800104c0                BTE_LinkKeyRequestNegativeReply
 .text.BTE_GetPairMode
                0x80010534        0xc /opt/devkitpro/libogc/lib/wii/libbte.a(bte.o)
                0x80010534                BTE_GetPairMode
 .text.BTE_SetDisconnectCallback
                0x80010540        0x4 /opt/devkitpro/libogc/lib/wii/libbte.a(bte.o)
                0x80010540                BTE_SetDisconnectCallback
 .text.BTE_SetHostSyncButtonCallback
                0x80010544       0x44 /opt/devkitpro/libogc/lib/wii/libbte.a(bte.o)
                0x80010544                BTE_SetHostSyncButtonCallback
 .text.BTE_SetConnectionRequestCallback
                0x80010588       0x44 /opt/devkitpro/libogc/lib/wii/libbte.a(bte.o)
                0x80010588                BTE_SetConnectionRequestCallback
 .text.BTE_SetLinkKeyRequestCallback
                0x800105cc       0x44 /opt/devkitpro/libogc/lib/wii/libbte.a(bte.o)
                0x800105cc                BTE_SetLinkKeyRequestCallback
 .text.BTE_SetLinkKeyNotificationCallback
                0x80010610       0x44 /opt/devkitpro/libogc/lib/wii/libbte.a(bte.o)
                0x80010610                BTE_SetLinkKeyNotificationCallback
 .text.BTE_WriteStoredLinkKey
                0x80010654       0x84 /opt/devkitpro/libogc/lib/wii/libbte.a(bte.o)
                0x80010654                BTE_WriteStoredLinkKey
 .text.BTE_ClearStoredLinkKeys
                0x800106d8       0x68 /opt/devkitpro/libogc/lib/wii/libbte.a(bte.o)
                0x800106d8                BTE_ClearStoredLinkKeys
 .text.bte_new  0x80010740       0x54 /opt/devkitpro/libogc/lib/wii/libbte.a(bte.o)
                0x80010740                bte_new
 .text.bte_free
                0x80010794       0x38 /opt/devkitpro/libogc/lib/wii/libbte.a(bte.o)
                0x80010794                bte_free
 .text.BTE_Inquiry
                0x800107cc       0xbc /opt/devkitpro/libogc/lib/wii/libbte.a(bte.o)
                0x800107cc                BTE_Inquiry
 .text.bte_disconnect
                0x80010888       0xc0 /opt/devkitpro/libogc/lib/wii/libbte.a(bte.o)
                0x80010888                bte_disconnect
 .text.bte_connectasync
                0x80010948      0x11c /opt/devkitpro/libogc/lib/wii/libbte.a(bte.o)
                0x80010948                bte_connectasync
 .text.bte_connectasync_step2
                0x80010a64       0xd4 /opt/devkitpro/libogc/lib/wii/libbte.a(bte.o)
                0x80010a64                bte_connectasync_step2
 .text.bte_listenasync
                0x80010b38      0x108 /opt/devkitpro/libogc/lib/wii/libbte.a(bte.o)
                0x80010b38                bte_listenasync
 .text.bte_listenasync_step2
                0x80010c40       0xd0 /opt/devkitpro/libogc/lib/wii/libbte.a(bte.o)
                0x80010c40                bte_listenasync_step2
 .text.bte_senddata
                0x80010d10       0xfc /opt/devkitpro/libogc/lib/wii/libbte.a(bte.o)
                0x80010d10                bte_senddata
 .text.bte_arg  0x80010e0c       0x24 /opt/devkitpro/libogc/lib/wii/libbte.a(bte.o)
                0x80010e0c                bte_arg
 .text.bte_received
                0x80010e30       0x24 /opt/devkitpro/libogc/lib/wii/libbte.a(bte.o)
                0x80010e30                bte_received
 .text.bte_disconnected
                0x80010e54       0x24 /opt/devkitpro/libogc/lib/wii/libbte.a(bte.o)
                0x80010e54                bte_disconnected
 .text.hci_get_link
                0x80010e78       0x84 /opt/devkitpro/libogc/lib/wii/libbte.a(hci.o)
 .text.hci_init
                0x80010efc       0x7c /opt/devkitpro/libogc/lib/wii/libbte.a(hci.o)
                0x80010efc                hci_init
 .text.hci_close
                0x80010f78      0x124 /opt/devkitpro/libogc/lib/wii/libbte.a(hci.o)
                0x80010f78                hci_close
 .text.hci_reset_all
                0x8001109c       0xa8 /opt/devkitpro/libogc/lib/wii/libbte.a(hci.o)
                0x8001109c                hci_reset_all
 .text.hci_arg  0x80011144        0xc /opt/devkitpro/libogc/lib/wii/libbte.a(hci.o)
                0x80011144                hci_arg
 .text.hci_cmd_complete
                0x80011150        0xc /opt/devkitpro/libogc/lib/wii/libbte.a(hci.o)
                0x80011150                hci_cmd_complete
 .text.hci_pin_req
                0x8001115c        0xc /opt/devkitpro/libogc/lib/wii/libbte.a(hci.o)
                0x8001115c                hci_pin_req
 .text.hci_sync_btn
                0x80011168        0xc /opt/devkitpro/libogc/lib/wii/libbte.a(hci.o)
                0x80011168                hci_sync_btn
 .text.hci_remote_name_req_complete
                0x80011174        0xc /opt/devkitpro/libogc/lib/wii/libbte.a(hci.o)
                0x80011174                hci_remote_name_req_complete
 .text.hci_link_key_req
                0x80011180        0xc /opt/devkitpro/libogc/lib/wii/libbte.a(hci.o)
                0x80011180                hci_link_key_req
 .text.hci_link_key_not
                0x8001118c        0xc /opt/devkitpro/libogc/lib/wii/libbte.a(hci.o)
                0x8001118c                hci_link_key_not
 .text.hci_connection_complete
                0x80011198        0xc /opt/devkitpro/libogc/lib/wii/libbte.a(hci.o)
                0x80011198                hci_connection_complete
 .text.hci_auth_complete
                0x800111a4        0xc /opt/devkitpro/libogc/lib/wii/libbte.a(hci.o)
                0x800111a4                hci_auth_complete
 .text.hci_wlp_complete
                0x800111b0        0xc /opt/devkitpro/libogc/lib/wii/libbte.a(hci.o)
                0x800111b0                hci_wlp_complete
 .text.hci_conn_req
                0x800111bc        0xc /opt/devkitpro/libogc/lib/wii/libbte.a(hci.o)
                0x800111bc                hci_conn_req
 .text.hci_reset
                0x800111c8       0xa8 /opt/devkitpro/libogc/lib/wii/libbte.a(hci.o)
                0x800111c8                hci_reset
 .text.hci_read_buffer_size
                0x80011270       0xa8 /opt/devkitpro/libogc/lib/wii/libbte.a(hci.o)
                0x80011270                hci_read_buffer_size
 .text.hci_read_bd_addr
                0x80011318       0xa8 /opt/devkitpro/libogc/lib/wii/libbte.a(hci.o)
                0x80011318                hci_read_bd_addr
 .text.hci_read_local_version
                0x800113c0       0xa4 /opt/devkitpro/libogc/lib/wii/libbte.a(hci.o)
                0x800113c0                hci_read_local_version
 .text.hci_read_local_features
                0x80011464       0xa8 /opt/devkitpro/libogc/lib/wii/libbte.a(hci.o)
                0x80011464                hci_read_local_features
 .text.hci_read_stored_link_key
                0x8001150c      0x10c /opt/devkitpro/libogc/lib/wii/libbte.a(hci.o)
                0x8001150c                hci_read_stored_link_key
 .text.hci_set_event_filter
                0x80011618      0x178 /opt/devkitpro/libogc/lib/wii/libbte.a(hci.o)
                0x80011618                hci_set_event_filter
 .text.hci_write_page_timeout
                0x80011790       0xc8 /opt/devkitpro/libogc/lib/wii/libbte.a(hci.o)
                0x80011790                hci_write_page_timeout
 .text.hci_write_scan_enable
                0x80011858       0xc0 /opt/devkitpro/libogc/lib/wii/libbte.a(hci.o)
                0x80011858                hci_write_scan_enable
 .text.hci_inquiry
                0x80011918      0x144 /opt/devkitpro/libogc/lib/wii/libbte.a(hci.o)
                0x80011918                hci_inquiry
 .text.hci_accept_conn_request
                0x80011a5c       0xf0 /opt/devkitpro/libogc/lib/wii/libbte.a(hci.o)
                0x80011a5c                hci_accept_conn_request
 .text.hci_write_local_name
                0x80011b4c       0xec /opt/devkitpro/libogc/lib/wii/libbte.a(hci.o)
                0x80011b4c                hci_write_local_name
 .text.hci_write_pin_type
                0x80011c38       0xc0 /opt/devkitpro/libogc/lib/wii/libbte.a(hci.o)
                0x80011c38                hci_write_pin_type
 .text.hci_read_remote_name
                0x80011cf8      0x1a8 /opt/devkitpro/libogc/lib/wii/libbte.a(hci.o)
                0x80011cf8                hci_read_remote_name
 .text.hci_write_inquiry_mode
                0x80011ea0       0xc0 /opt/devkitpro/libogc/lib/wii/libbte.a(hci.o)
                0x80011ea0                hci_write_inquiry_mode
 .text.hci_write_page_scan_type
                0x80011f60       0xc0 /opt/devkitpro/libogc/lib/wii/libbte.a(hci.o)
                0x80011f60                hci_write_page_scan_type
 .text.hci_write_inquiry_scan_type
                0x80012020       0xc0 /opt/devkitpro/libogc/lib/wii/libbte.a(hci.o)
                0x80012020                hci_write_inquiry_scan_type
 .text.hci_vendor_specific_command
                0x800120e0      0x104 /opt/devkitpro/libogc/lib/wii/libbte.a(hci.o)
                0x800120e0                hci_vendor_specific_command
 .text.hci_auth_req
                0x800121e4       0xdc /opt/devkitpro/libogc/lib/wii/libbte.a(hci.o)
                0x800121e4                hci_auth_req
 .text.hci_write_link_policy_settings
                0x800122c0       0xf4 /opt/devkitpro/libogc/lib/wii/libbte.a(hci.o)
                0x800122c0                hci_write_link_policy_settings
 .text.hci_pin_code_request_reply
                0x800123b4      0x150 /opt/devkitpro/libogc/lib/wii/libbte.a(hci.o)
                0x800123b4                hci_pin_code_request_reply
 .text.hci_link_key_req_reply
                0x80012504      0x114 /opt/devkitpro/libogc/lib/wii/libbte.a(hci.o)
                0x80012504                hci_link_key_req_reply
 .text.hci_pin_code_request_neg_reply
                0x80012618       0xd4 /opt/devkitpro/libogc/lib/wii/libbte.a(hci.o)
                0x80012618                hci_pin_code_request_neg_reply
 .text.hci_link_key_req_neg_reply
                0x800126ec       0xd4 /opt/devkitpro/libogc/lib/wii/libbte.a(hci.o)
                0x800126ec                hci_link_key_req_neg_reply
 .text.hci_disconnect
                0x800127c0       0xf8 /opt/devkitpro/libogc/lib/wii/libbte.a(hci.o)
                0x800127c0                hci_disconnect
 .text.hci_reject_connection_request
                0x800128b8       0xf0 /opt/devkitpro/libogc/lib/wii/libbte.a(hci.o)
                0x800128b8                hci_reject_connection_request
 .text.hci_write_stored_link_key
                0x800129a8      0x128 /opt/devkitpro/libogc/lib/wii/libbte.a(hci.o)
                0x800129a8                hci_write_stored_link_key
 .text.hci_delete_stored_link_key
                0x80012ad0      0x10c /opt/devkitpro/libogc/lib/wii/libbte.a(hci.o)
                0x80012ad0                hci_delete_stored_link_key
 .text.hci_write_cod
                0x80012bdc       0xd8 /opt/devkitpro/libogc/lib/wii/libbte.a(hci.o)
                0x80012bdc                hci_write_cod
 .text.hci_host_buffer_size
                0x80012cb4       0xf8 /opt/devkitpro/libogc/lib/wii/libbte.a(hci.o)
                0x80012cb4                hci_host_buffer_size
 .text.hci_host_num_comp_packets
                0x80012dac      0x100 /opt/devkitpro/libogc/lib/wii/libbte.a(hci.o)
                0x80012dac                hci_host_num_comp_packets
 .text.lp_pdu_maxsize
                0x80012eac        0xc /opt/devkitpro/libogc/lib/wii/libbte.a(hci.o)
                0x80012eac                lp_pdu_maxsize
 .text.hci_get_bd_addr
                0x80012eb8       0x50 /opt/devkitpro/libogc/lib/wii/libbte.a(hci.o)
                0x80012eb8                hci_get_bd_addr
 .text.lp_is_connected
                0x80012f08       0x28 /opt/devkitpro/libogc/lib/wii/libbte.a(hci.o)
                0x80012f08                lp_is_connected
 .text.lp_acl_write
                0x80012f30      0x144 /opt/devkitpro/libogc/lib/wii/libbte.a(hci.o)
                0x80012f30                lp_acl_write
 .text.lp_write_flush_timeout
                0x80013074       0xf4 /opt/devkitpro/libogc/lib/wii/libbte.a(hci.o)
                0x80013074                lp_write_flush_timeout
 .text.lp_connect_req
                0x80013168      0x274 /opt/devkitpro/libogc/lib/wii/libbte.a(hci.o)
                0x80013168                lp_connect_req
 .text.hci_event_handler
                0x800133dc      0xdf4 /opt/devkitpro/libogc/lib/wii/libbte.a(hci.o)
                0x800133dc                hci_event_handler
 .text.hci_acldata_handler
                0x800141d0       0xec /opt/devkitpro/libogc/lib/wii/libbte.a(hci.o)
                0x800141d0                hci_acldata_handler
 .text.l2cap_init
                0x800142bc       0x60 /opt/devkitpro/libogc/lib/wii/libbte.a(l2cap.o)
                0x800142bc                l2cap_init
 .text.l2cap_write
                0x8001431c      0x1a0 /opt/devkitpro/libogc/lib/wii/libbte.a(l2cap.o)
                0x8001431c                l2cap_write
 .text.l2cap_new
                0x800144bc       0x60 /opt/devkitpro/libogc/lib/wii/libbte.a(l2cap.o)
                0x800144bc                l2cap_new
 .text.l2cap_close
                0x8001451c      0x1b4 /opt/devkitpro/libogc/lib/wii/libbte.a(l2cap.o)
                0x8001451c                l2cap_close
 .text.l2cap_reset_all
                0x800146d0      0x134 /opt/devkitpro/libogc/lib/wii/libbte.a(l2cap.o)
                0x800146d0                l2cap_reset_all
 .text.l2cap_signal
                0x80014804      0x204 /opt/devkitpro/libogc/lib/wii/libbte.a(l2cap.o)
                0x80014804                l2cap_signal
 .text.l2ca_connect_req
                0x80014a08      0x1b8 /opt/devkitpro/libogc/lib/wii/libbte.a(l2cap.o)
                0x80014a08                l2ca_connect_req
 .text.l2ca_config_req
                0x80014bc0      0x128 /opt/devkitpro/libogc/lib/wii/libbte.a(l2cap.o)
                0x80014bc0                l2ca_config_req
 .text.l2ca_disconnect_req
                0x80014ce8       0xbc /opt/devkitpro/libogc/lib/wii/libbte.a(l2cap.o)
                0x80014ce8                l2ca_disconnect_req
 .text.l2cap_tmr
                0x80014da4      0x260 /opt/devkitpro/libogc/lib/wii/libbte.a(l2cap.o)
                0x80014da4                l2cap_tmr
 .text.l2cap_process_sig
                0x80015004     0x11bc /opt/devkitpro/libogc/lib/wii/libbte.a(l2cap.o)
                0x80015004                l2cap_process_sig
 .text.l2cap_input
                0x800161c0      0x5bc /opt/devkitpro/libogc/lib/wii/libbte.a(l2cap.o)
                0x800161c0                l2cap_input
 .text.l2ca_datawrite
                0x8001677c      0x108 /opt/devkitpro/libogc/lib/wii/libbte.a(l2cap.o)
                0x8001677c                l2ca_datawrite
 .text.lp_connect_cfm
                0x80016884      0x160 /opt/devkitpro/libogc/lib/wii/libbte.a(l2cap.o)
                0x80016884                lp_connect_cfm
 .text.lp_connect_ind
                0x800169e4        0x4 /opt/devkitpro/libogc/lib/wii/libbte.a(l2cap.o)
                0x800169e4                lp_connect_ind
 .text.lp_disconnect_ind
                0x800169e8      0x1b0 /opt/devkitpro/libogc/lib/wii/libbte.a(l2cap.o)
                0x800169e8                lp_disconnect_ind
 .text.l2cap_disconnect_bb
                0x80016b98       0x10 /opt/devkitpro/libogc/lib/wii/libbte.a(l2cap.o)
                0x80016b98                l2cap_disconnect_bb
 .text.l2cap_arg
                0x80016ba8        0x8 /opt/devkitpro/libogc/lib/wii/libbte.a(l2cap.o)
                0x80016ba8                l2cap_arg
 .text.l2cap_connect_ind
                0x80016bb0       0xec /opt/devkitpro/libogc/lib/wii/libbte.a(l2cap.o)
                0x80016bb0                l2cap_connect_ind
 .text.l2cap_disconnect_ind
                0x80016c9c        0x8 /opt/devkitpro/libogc/lib/wii/libbte.a(l2cap.o)
                0x80016c9c                l2cap_disconnect_ind
 .text.l2cap_recv
                0x80016ca4        0x8 /opt/devkitpro/libogc/lib/wii/libbte.a(l2cap.o)
                0x80016ca4                l2cap_recv
 .text.btmemb_init
                0x80016cac       0x24 /opt/devkitpro/libogc/lib/wii/libbte.a(btmemb.o)
                0x80016cac                btmemb_init
 .text.btmemb_alloc
                0x80016cd0       0x88 /opt/devkitpro/libogc/lib/wii/libbte.a(btmemb.o)
                0x80016cd0                btmemb_alloc
 .text.btmemb_free
                0x80016d58       0xcc /opt/devkitpro/libogc/lib/wii/libbte.a(btmemb.o)
                0x80016d58                btmemb_free
 .text.plug_holes
                0x80016e24       0xac /opt/devkitpro/libogc/lib/wii/libbte.a(btmemr.o)
 .text.btmemr_init
                0x80016ed0       0x90 /opt/devkitpro/libogc/lib/wii/libbte.a(btmemr.o)
                0x80016ed0                btmemr_init
 .text.btmemr_malloc
                0x80016f60      0x164 /opt/devkitpro/libogc/lib/wii/libbte.a(btmemr.o)
                0x80016f60                btmemr_malloc
 .text.btmemr_free
                0x800170c4       0x90 /opt/devkitpro/libogc/lib/wii/libbte.a(btmemr.o)
                0x800170c4                btmemr_free
 .text.btmemr_realloc
                0x80017154      0x10c /opt/devkitpro/libogc/lib/wii/libbte.a(btmemr.o)
                0x80017154                btmemr_realloc
 .text.btpbuf_init
                0x80017260       0x28 /opt/devkitpro/libogc/lib/wii/libbte.a(btpbuf.o)
                0x80017260                btpbuf_init
 .text.btpbuf_free
                0x80017288       0xfc /opt/devkitpro/libogc/lib/wii/libbte.a(btpbuf.o)
                0x80017288                btpbuf_free
 .text.btpbuf_alloc
                0x80017384      0x268 /opt/devkitpro/libogc/lib/wii/libbte.a(btpbuf.o)
                0x80017384                btpbuf_alloc
 .text.btpbuf_realloc
                0x800175ec      0x120 /opt/devkitpro/libogc/lib/wii/libbte.a(btpbuf.o)
                0x800175ec                btpbuf_realloc
 .text.btpbuf_header
                0x8001770c       0x80 /opt/devkitpro/libogc/lib/wii/libbte.a(btpbuf.o)
                0x8001770c                btpbuf_header
 .text.btpbuf_ref
                0x8001778c       0x34 /opt/devkitpro/libogc/lib/wii/libbte.a(btpbuf.o)
                0x8001778c                btpbuf_ref
 .text.btpbuf_chain
                0x800177c0       0x88 /opt/devkitpro/libogc/lib/wii/libbte.a(btpbuf.o)
                0x800177c0                btpbuf_chain
 .text.btpbuf_dechain
                0x80017848       0x6c /opt/devkitpro/libogc/lib/wii/libbte.a(btpbuf.o)
                0x80017848                btpbuf_dechain
 .text.btpbuf_take
                0x800178b4      0x13c /opt/devkitpro/libogc/lib/wii/libbte.a(btpbuf.o)
                0x800178b4                btpbuf_take
 .text.__writebulkmsgCB
                0x800179f0       0x3c /opt/devkitpro/libogc/lib/wii/libbte.a(physbusif.o)
 .text.__writectrlmsgCB
                0x80017a2c       0x3c /opt/devkitpro/libogc/lib/wii/libbte.a(physbusif.o)
 .text.__issue_intrread.part.0
                0x80017a68       0x80 /opt/devkitpro/libogc/lib/wii/libbte.a(physbusif.o)
 .text.__readintrdataCB
                0x80017ae8      0x134 /opt/devkitpro/libogc/lib/wii/libbte.a(physbusif.o)
 .text.__issue_bulkread.part.0
                0x80017c1c       0x80 /opt/devkitpro/libogc/lib/wii/libbte.a(physbusif.o)
 .text.__readbulkdataCB
                0x80017c9c      0x134 /opt/devkitpro/libogc/lib/wii/libbte.a(physbusif.o)
 .text.physbusif_init
                0x80017dd0      0x1ec /opt/devkitpro/libogc/lib/wii/libbte.a(physbusif.o)
                0x80017dd0                physbusif_init
 .text.physbusif_close
                0x80017fbc       0x20 /opt/devkitpro/libogc/lib/wii/libbte.a(physbusif.o)
                0x80017fbc                physbusif_close
 .text.physbusif_shutdown
                0x80017fdc       0x18 /opt/devkitpro/libogc/lib/wii/libbte.a(physbusif.o)
                0x80017fdc                physbusif_shutdown
 .text.physbusif_reset_all
                0x80017ff4        0x4 /opt/devkitpro/libogc/lib/wii/libbte.a(physbusif.o)
                0x80017ff4                physbusif_reset_all
 .text.physbusif_output
                0x80017ff8      0x1f4 /opt/devkitpro/libogc/lib/wii/libbte.a(physbusif.o)
                0x80017ff8                physbusif_output
 .text.DEBUGPrint
                0x800181ec        0x4 /opt/devkitpro/libogc/lib/wii/libogc.a(common_crt0.o)
                0x800181ec                DEBUGPrint
 .text.__eabi   0x800181f0        0x4 /opt/devkitpro/libogc/lib/wii/libogc.a(common_crt0.o)
                0x800181f0                __eabi
 .text.PPCEarlyInit
                0x800181f4       0x24 /opt/devkitpro/libogc/lib/wii/libogc.a(early_init.o)
                0x800181f4                PPCEarlyInit
 .text.PPCEarlyInitImpl
                0x80018218      0x1a4 /opt/devkitpro/libogc/lib/wii/libogc.a(early_init.o)
 .text.PPCExcptDefaultPanicFn
                0x800183bc       0xac /opt/devkitpro/libogc/lib/wii/libogc.a(exception.o)
 .text.PPCExcptInit
                0x80018468      0x140 /opt/devkitpro/libogc/lib/wii/libogc.a(exception.o)
                0x80018468                PPCExcptInit
 .text.PPCExcptEntryGeneral
                0x800185a8       0x60 /opt/devkitpro/libogc/lib/wii/libogc.a(exception_asm.o)
                0x800185ac                PPCExcptEntryGeneral
 .text.PPCExcptEntryFpu
                0x80018608       0x90 /opt/devkitpro/libogc/lib/wii/libogc.a(exception_asm.o)
                0x8001860c                PPCExcptEntryFpu
 .text.PPCExcptFpuHandler
                0x80018698      0x260 /opt/devkitpro/libogc/lib/wii/libogc.a(exception_asm.o)
 .text.PPCExcptDefaultScHandler
                0x800188f8       0x3c /opt/devkitpro/libogc/lib/wii/libogc.a(exception_asm.o)
                0x800188f8                PPCExcptDefaultScHandler
 .text.PPCExcptDefaultHandler
                0x80018934      0x13c /opt/devkitpro/libogc/lib/wii/libogc.a(exception_asm.o)
                0x80018934                PPCExcptDefaultHandler
 .text.KIrqInit
                0x80018a70       0x94 /opt/devkitpro/libogc/lib/wii/libogc.a(interrupt.o)
                0x80018a70                KIrqInit
 .text.KIrqDispatch
                0x80018b04      0x260 /opt/devkitpro/libogc/lib/wii/libogc.a(interrupt.o)
                0x80018b04                KIrqDispatch
 .text.KIrqEnable
                0x80018d64      0x248 /opt/devkitpro/libogc/lib/wii/libogc.a(interrupt.o)
                0x80018d64                KIrqEnable
 .text.KIrqDisable
                0x80018fac      0x244 /opt/devkitpro/libogc/lib/wii/libogc.a(interrupt.o)
                0x80018fac                KIrqDisable
 .text.KIrqGet  0x800191f0       0x14 /opt/devkitpro/libogc/lib/wii/libogc.a(interrupt.o)
                0x800191f0                KIrqGet
 .text.KIrqSet  0x80019204       0x3c /opt/devkitpro/libogc/lib/wii/libogc.a(interrupt.o)
                0x80019204                KIrqSet
 .text.PPCExcptIrqHandler
                0x80019240      0x144 /opt/devkitpro/libogc/lib/wii/libogc.a(interrupt_asm.o)
                0x80019240                PPCExcptIrqHandler
 .text.__PPCContextPrepareToJump
                0x80019384       0x4c /opt/devkitpro/libogc/lib/wii/libogc.a(interrupt_asm.o)
                0x80019384                __PPCContextPrepareToJump
 .text.__PPCContextJump
                0x800193d0        0x8 /opt/devkitpro/libogc/lib/wii/libogc.a(interrupt_asm.o)
                0x800193d0                __PPCContextJump
 .text.KThreadIdleMain
                0x800193d8        0x4 /opt/devkitpro/libogc/lib/wii/libogc.a(thread.o)
 .text.__getreent
                0x800193dc       0x24 /opt/devkitpro/libogc/lib/wii/libogc.a(thread.o)
                0x800193dc                __getreent
 .text.KThreadInit
                0x80019400      0x100 /opt/devkitpro/libogc/lib/wii/libogc.a(thread.o)
                0x80019400                KThreadInit
 .text.KThreadPrepare
                0x80019500      0x1e8 /opt/devkitpro/libogc/lib/wii/libogc.a(thread.o)
                0x80019500                KThreadPrepare
 .text.KThreadSwitchTo
                0x800196e8       0x88 /opt/devkitpro/libogc/lib/wii/libogc.a(thread.o)
                0x800196e8                KThreadSwitchTo
 .text.KThreadResume
                0x80019770       0xa8 /opt/devkitpro/libogc/lib/wii/libogc.a(thread.o)
                0x80019770                KThreadResume
 .text.KThrQueueBlock
                0x80019818      0x108 /opt/devkitpro/libogc/lib/wii/libogc.a(thread.o)
                0x80019818                KThrQueueBlock
 .text.KThreadJoin
                0x80019920       0x88 /opt/devkitpro/libogc/lib/wii/libogc.a(thread.o)
                0x80019920                KThreadJoin
 .text.KThrQueueUnblockOneByValue
                0x800199a8       0xcc /opt/devkitpro/libogc/lib/wii/libogc.a(thread.o)
                0x800199a8                KThrQueueUnblockOneByValue
 .text.KThrQueueUnblockAllByValue
                0x80019a74      0x154 /opt/devkitpro/libogc/lib/wii/libogc.a(thread.o)
                0x80019a74                KThrQueueUnblockAllByValue
 .text.KThreadExit
                0x80019bc8       0xc4 /opt/devkitpro/libogc/lib/wii/libogc.a(thread.o)
                0x80019bc8                KThreadExit
 .text.KThreadUpdateDynamicPrio
                0x80019c8c      0x1f4 /opt/devkitpro/libogc/lib/wii/libogc.a(sync.o)
                0x80019c8c                KThreadUpdateDynamicPrio
 .text.KThreadRemoveWaiter
                0x80019e80      0x178 /opt/devkitpro/libogc/lib/wii/libogc.a(sync.o)
 .text.KMutexLock
                0x80019ff8      0x194 /opt/devkitpro/libogc/lib/wii/libogc.a(sync.o)
                0x80019ff8                KMutexLock
 .text.KMutexUnlock
                0x8001a18c      0x104 /opt/devkitpro/libogc/lib/wii/libogc.a(sync.o)
                0x8001a18c                KMutexUnlock
 .text.KTickTaskReschedule
                0x8001a290       0x6c /opt/devkitpro/libogc/lib/wii/libogc.a(tick.o)
 .text.KTickTaskRun
                0x8001a2fc      0x128 /opt/devkitpro/libogc/lib/wii/libogc.a(tick.o)
                0x8001a2fc                KTickTaskRun
 .text.KTickTaskStart
                0x8001a424      0x168 /opt/devkitpro/libogc/lib/wii/libogc.a(tick.o)
                0x8001a424                KTickTaskStart
 .text.KTickTaskStop
                0x8001a58c       0xc4 /opt/devkitpro/libogc/lib/wii/libogc.a(tick.o)
                0x8001a58c                KTickTaskStop
 .text.__syscall_lock_acquire
                0x8001a650        0x4 /opt/devkitpro/libogc/lib/wii/libogc.a(newlib_syscalls.o)
                0x8001a650                __syscall_lock_acquire
 .text.__syscall_lock_release
                0x8001a654        0x4 /opt/devkitpro/libogc/lib/wii/libogc.a(newlib_syscalls.o)
                0x8001a654                __syscall_lock_release
 .text.__syscall_lock_acquire_recursive
                0x8001a658       0x50 /opt/devkitpro/libogc/lib/wii/libogc.a(newlib_syscalls.o)
                0x8001a658                __syscall_lock_acquire_recursive
 .text.__syscall_lock_release_recursive
                0x8001a6a8       0x18 /opt/devkitpro/libogc/lib/wii/libogc.a(newlib_syscalls.o)
                0x8001a6a8                __syscall_lock_release_recursive
 .text.lwpc_alarm_cb
                0x8001a6c0       0x10 /opt/devkitpro/libogc/lib/wii/libogc.a(lwpc_alarm.o)
 .text.SYS_CreateAlarm
                0x8001a6d0       0x74 /opt/devkitpro/libogc/lib/wii/libogc.a(lwpc_alarm.o)
                0x8001a6d0                SYS_CreateAlarm
 .text.SYS_SetAlarm
                0x8001a744      0x120 /opt/devkitpro/libogc/lib/wii/libogc.a(lwpc_alarm.o)
                0x8001a744                SYS_SetAlarm
 .text.SYS_SetPeriodicAlarm
                0x8001a864      0x1b8 /opt/devkitpro/libogc/lib/wii/libogc.a(lwpc_alarm.o)
                0x8001a864                SYS_SetPeriodicAlarm
 .text.SYS_RemoveAlarm
                0x8001aa1c       0x4c /opt/devkitpro/libogc/lib/wii/libogc.a(lwpc_alarm.o)
                0x8001aa1c                SYS_RemoveAlarm
 .text.SYS_CancelAlarm
                0x8001aa68       0x34 /opt/devkitpro/libogc/lib/wii/libogc.a(lwpc_alarm.o)
                0x8001aa68                SYS_CancelAlarm
 .text.LWP_InitQueue
                0x8001aa9c       0xdc /opt/devkitpro/libogc/lib/wii/libogc.a(lwpc_queue.o)
                0x8001aa9c                LWP_InitQueue
 .text.LWP_CloseQueue
                0x8001ab78       0x90 /opt/devkitpro/libogc/lib/wii/libogc.a(lwpc_queue.o)
                0x8001ab78                LWP_CloseQueue
 .text.LWP_ThreadSleep
                0x8001ac08       0x44 /opt/devkitpro/libogc/lib/wii/libogc.a(lwpc_queue.o)
                0x8001ac08                LWP_ThreadSleep
 .text.LWP_ThreadSignal
                0x8001ac4c       0x1c /opt/devkitpro/libogc/lib/wii/libogc.a(lwpc_queue.o)
                0x8001ac4c                LWP_ThreadSignal
 .text.LWP_ThreadBroadcast
                0x8001ac68       0x1c /opt/devkitpro/libogc/lib/wii/libogc.a(lwpc_queue.o)
                0x8001ac68                LWP_ThreadBroadcast
 .text.LWP_CreateThread
                0x8001ac84      0x114 /opt/devkitpro/libogc/lib/wii/libogc.a(lwpc_thread.o)
                0x8001ac84                LWP_CreateThread
 .text.LWP_JoinThread
                0x8001ad98       0x6c /opt/devkitpro/libogc/lib/wii/libogc.a(lwpc_thread.o)
                0x8001ad98                LWP_JoinThread
 .text.LWP_SemInit
                0x8001ae04      0x120 /opt/devkitpro/libogc/lib/wii/libogc.a(lwpc_sem.o)
                0x8001ae04                LWP_SemInit
 .text.LWP_SemDestroy
                0x8001af24       0xa0 /opt/devkitpro/libogc/lib/wii/libogc.a(lwpc_sem.o)
                0x8001af24                LWP_SemDestroy
 .text.LWP_SemWait
                0x8001afc4       0xa8 /opt/devkitpro/libogc/lib/wii/libogc.a(lwpc_sem.o)
                0x8001afc4                LWP_SemWait
 .text.LWP_SemPost
                0x8001b06c       0xa8 /opt/devkitpro/libogc/lib/wii/libogc.a(lwpc_sem.o)
                0x8001b06c                LWP_SemPost
 .text.RGB8_to_YCbCr
                0x8001b114      0x144 /opt/devkitpro/libogc/lib/wii/libogc.a(console.o)
 .text.__console_drawc.part.0
                0x8001b258      0x274 /opt/devkitpro/libogc/lib/wii/libogc.a(console.o)
 .text.__console_clear
                0x8001b4cc      0x190 /opt/devkitpro/libogc/lib/wii/libogc.a(console.o)
 .text.__set_default_console
                0x8001b65c      0x108 /opt/devkitpro/libogc/lib/wii/libogc.a(console.o)
 .text.__console_clear_line
                0x8001b764      0x174 /opt/devkitpro/libogc/lib/wii/libogc.a(console.o)
 .text.__console_init
                0x8001b8d8       0x54 /opt/devkitpro/libogc/lib/wii/libogc.a(console.o)
                0x8001b8d8                __console_init
 .text.newRow   0x8001b92c      0x134 /opt/devkitpro/libogc/lib/wii/libogc.a(console.o)
                0x8001b92c                newRow
 .text.consolePrintChar.part.0
                0x8001ba60      0x220 /opt/devkitpro/libogc/lib/wii/libogc.a(console.o)
 .text.__console_write
                0x8001bc80      0xe60 /opt/devkitpro/libogc/lib/wii/libogc.a(console.o)
                0x8001bc80                __console_write
 .text.CON_Init
                0x8001cae0       0xe4 /opt/devkitpro/libogc/lib/wii/libogc.a(console.o)
                0x8001cae0                CON_Init
 .text.CON_EnableGecko
                0x8001cbc4       0xf8 /opt/devkitpro/libogc/lib/wii/libogc.a(console.o)
                0x8001cbc4                CON_EnableGecko
 .text.__lwp_queue_initialize
                0x8001ccbc       0x98 /opt/devkitpro/libogc/lib/wii/libogc.a(lwp_queue.o)
                0x8001ccbc                __lwp_queue_initialize
 .text.__lwp_queue_get
                0x8001cd54       0x60 /opt/devkitpro/libogc/lib/wii/libogc.a(lwp_queue.o)
                0x8001cd54                __lwp_queue_get
 .text.__lwp_queue_append
                0x8001cdb4       0x38 /opt/devkitpro/libogc/lib/wii/libogc.a(lwp_queue.o)
                0x8001cdb4                __lwp_queue_append
 .text.__lwp_wkspace_init
                0x8001cdec       0xa4 /opt/devkitpro/libogc/lib/wii/libogc.a(lwp_wkspace.o)
                0x8001cdec                __lwp_wkspace_init
 .text.__lwp_heap_init
                0x8001ce90       0x90 /opt/devkitpro/libogc/lib/wii/libogc.a(lwp_heap.o)
                0x8001ce90                __lwp_heap_init
 .text.__lwp_heap_allocate
                0x8001cf20      0x14c /opt/devkitpro/libogc/lib/wii/libogc.a(lwp_heap.o)
                0x8001cf20                __lwp_heap_allocate
 .text.__lwp_heap_free
                0x8001d06c      0x170 /opt/devkitpro/libogc/lib/wii/libogc.a(lwp_heap.o)
                0x8001d06c                __lwp_heap_free
 .text.__VISendI2CData.constprop.0.isra.0
                0x8001d1dc      0x3c8 /opt/devkitpro/libogc/lib/wii/libogc.a(video.o)
 .text.__setFbbRegs.constprop.0
                0x8001d5a4      0x194 /opt/devkitpro/libogc/lib/wii/libogc.a(video.o)
 .text.__VISetYUVSEL
                0x8001d738       0xb8 /opt/devkitpro/libogc/lib/wii/libogc.a(video.o)
 .text.__VIClearFramebuffer
                0x8001d7f0       0x48 /opt/devkitpro/libogc/lib/wii/libogc.a(video.o)
                0x8001d7f0                __VIClearFramebuffer
 .text.VIDEO_Configure
                0x8001d838      0x5c0 /opt/devkitpro/libogc/lib/wii/libogc.a(video.o)
                0x8001d838                VIDEO_Configure
 .text.VIDEO_WaitVSync
                0x8001ddf8       0x68 /opt/devkitpro/libogc/lib/wii/libogc.a(video.o)
                0x8001ddf8                VIDEO_WaitVSync
 .text.VIDEO_SetFramebuffer
                0x8001de60       0xc4 /opt/devkitpro/libogc/lib/wii/libogc.a(video.o)
                0x8001de60                VIDEO_SetFramebuffer
 .text.VIDEO_SetNextFramebuffer
                0x8001df24       0x54 /opt/devkitpro/libogc/lib/wii/libogc.a(video.o)
                0x8001df24                VIDEO_SetNextFramebuffer
 .text.VIDEO_Flush
                0x8001df78       0xe8 /opt/devkitpro/libogc/lib/wii/libogc.a(video.o)
                0x8001df78                VIDEO_Flush
 .text.VIDEO_SetBlack
                0x8001e060      0x150 /opt/devkitpro/libogc/lib/wii/libogc.a(video.o)
                0x8001e060                VIDEO_SetBlack
 .text.VIDEO_GetCurrentTvMode
                0x8001e1b0       0x64 /opt/devkitpro/libogc/lib/wii/libogc.a(video.o)
                0x8001e1b0                VIDEO_GetCurrentTvMode
 .text.__VIRetraceHandler
                0x8001e214      0x284 /opt/devkitpro/libogc/lib/wii/libogc.a(video.o)
 .text.__VISetupEncoder
                0x8001e498      0x288 /opt/devkitpro/libogc/lib/wii/libogc.a(video.o)
 .text.VIDEO_Init
                0x8001e720      0x3c4 /opt/devkitpro/libogc/lib/wii/libogc.a(video.o)
                0x8001e720                VIDEO_Init
 .text.VIDEO_GetPreferredMode
                0x8001eae4      0x11c /opt/devkitpro/libogc/lib/wii/libogc.a(video.o)
                0x8001eae4                VIDEO_GetPreferredMode
 .text.VIDEO_GetCurrentLine
                0x8001ec00       0x94 /opt/devkitpro/libogc/lib/wii/libogc.a(video.o)
                0x8001ec00                VIDEO_GetCurrentLine
 .text.VIDEO_GetFrameBufferSize
                0x8001ec94       0x34 /opt/devkitpro/libogc/lib/wii/libogc.a(video.o)
                0x8001ec94                VIDEO_GetFrameBufferSize
 .text.__MEMInterruptHandler
                0x8001ecc8       0x14 /opt/devkitpro/libogc/lib/wii/libogc.a(system.o)
 .text.__RSWDefaultHandler
                0x8001ecdc        0x4 /opt/devkitpro/libogc/lib/wii/libogc.a(system.o)
 .text.__POWDefaultHandler
                0x8001ece0        0x4 /opt/devkitpro/libogc/lib/wii/libogc.a(system.o)
 .text.__getrtc
                0x8001ece4      0x148 /opt/devkitpro/libogc/lib/wii/libogc.a(system.o)
 .text.__sram_write
                0x8001ee2c      0x140 /opt/devkitpro/libogc/lib/wii/libogc.a(system.o)
 .text.__sram_writecallback
                0x8001ef6c       0x54 /opt/devkitpro/libogc/lib/wii/libogc.a(system.o)
 .text.__mem_onreset
                0x8001efc0       0x48 /opt/devkitpro/libogc/lib/wii/libogc.a(system.o)
 .text.__unlocksram
                0x8001f008      0x120 /opt/devkitpro/libogc/lib/wii/libogc.a(system.o)
 .text.__call_resetfuncs
                0x8001f128      0x150 /opt/devkitpro/libogc/lib/wii/libogc.a(system.o)
 .text.__syscall_malloc_lock
                0x8001f278       0x4c /opt/devkitpro/libogc/lib/wii/libogc.a(system.o)
                0x8001f278                __syscall_malloc_lock
 .text.__syscall_malloc_unlock
                0x8001f2c4       0x1c /opt/devkitpro/libogc/lib/wii/libogc.a(system.o)
                0x8001f2c4                __syscall_malloc_unlock
 .text.__syscall_gettod_r
                0x8001f2e0        0x4 /opt/devkitpro/libogc/lib/wii/libogc.a(system.o)
                0x8001f2e0                __syscall_gettod_r
 .text.__SYS_GetRTC
                0x8001f2e4       0xd4 /opt/devkitpro/libogc/lib/wii/libogc.a(system.o)
                0x8001f2e4                __SYS_GetRTC
 .text.__SYS_SetBootTime
                0x8001f3b8       0xe0 /opt/devkitpro/libogc/lib/wii/libogc.a(system.o)
                0x8001f3b8                __SYS_SetBootTime
 .text.__SYS_GetIPCBufferLo
                0x8001f498        0x8 /opt/devkitpro/libogc/lib/wii/libogc.a(system.o)
                0x8001f498                __SYS_GetIPCBufferLo
 .text.__SYS_GetIPCBufferHi
                0x8001f4a0        0x8 /opt/devkitpro/libogc/lib/wii/libogc.a(system.o)
                0x8001f4a0                __SYS_GetIPCBufferHi
 .text.SYS_DoPowerCB
                0x8001f4a8       0xdc /opt/devkitpro/libogc/lib/wii/libogc.a(system.o)
                0x8001f4a8                SYS_DoPowerCB
 .text.__STMEventHandler
                0x8001f584       0xf8 /opt/devkitpro/libogc/lib/wii/libogc.a(system.o)
 .text.__SYS_DisablePowerButton
                0x8001f67c       0x38 /opt/devkitpro/libogc/lib/wii/libogc.a(system.o)
                0x8001f67c                __SYS_DisablePowerButton
 .text.__SYS_PreInit
                0x8001f6b4        0x4 /opt/devkitpro/libogc/lib/wii/libogc.a(system.o)
                0x8001f6b4                __SYS_PreInit
 .text.__SYS_InstallPanicHandler
                0x8001f6b8       0x10 /opt/devkitpro/libogc/lib/wii/libogc.a(system.o)
                0x8001f6b8                __SYS_InstallPanicHandler
 .text.SYS_PreMain
                0x8001f6c8       0x7c /opt/devkitpro/libogc/lib/wii/libogc.a(system.o)
                0x8001f6c8                SYS_PreMain
 .text.SYS_ResetButtonDown
                0x8001f744       0x18 /opt/devkitpro/libogc/lib/wii/libogc.a(system.o)
                0x8001f744                SYS_ResetButtonDown
 .text.SYS_ResetSystem
                0x8001f75c      0x214 /opt/devkitpro/libogc/lib/wii/libogc.a(system.o)
                0x8001f75c                SYS_ResetSystem
 .text.__reload
                0x8001f970       0x80 /opt/devkitpro/libogc/lib/wii/libogc.a(system.o)
                0x8001f970                __reload
 .text.__syscall_exit
                0x8001f9f0       0x9c /opt/devkitpro/libogc/lib/wii/libogc.a(system.o)
                0x8001f9f0                __syscall_exit
 .text.SYS_RegisterResetFunc
                0x8001fa8c       0x6c /opt/devkitpro/libogc/lib/wii/libogc.a(system.o)
                0x8001fa8c                SYS_RegisterResetFunc
 .text.SYS_SetArena1Lo
                0x8001faf8       0x24 /opt/devkitpro/libogc/lib/wii/libogc.a(system.o)
                0x8001faf8                SYS_SetArena1Lo
 .text.SYS_GetArena1Lo
                0x8001fb1c       0x24 /opt/devkitpro/libogc/lib/wii/libogc.a(system.o)
                0x8001fb1c                SYS_GetArena1Lo
 .text.SYS_GetArena1Hi
                0x8001fb40       0x24 /opt/devkitpro/libogc/lib/wii/libogc.a(system.o)
                0x8001fb40                SYS_GetArena1Hi
 .text.SYS_SetArena2Lo
                0x8001fb64       0x24 /opt/devkitpro/libogc/lib/wii/libogc.a(system.o)
                0x8001fb64                SYS_SetArena2Lo
 .text.SYS_GetArena2Lo
                0x8001fb88       0x24 /opt/devkitpro/libogc/lib/wii/libogc.a(system.o)
                0x8001fb88                SYS_GetArena2Lo
 .text.SYS_SetArena2Hi
                0x8001fbac       0x24 /opt/devkitpro/libogc/lib/wii/libogc.a(system.o)
                0x8001fbac                SYS_SetArena2Hi
 .text.SYS_GetArena2Hi
                0x8001fbd0       0x24 /opt/devkitpro/libogc/lib/wii/libogc.a(system.o)
                0x8001fbd0                SYS_GetArena2Hi
 .text.SYS_AllocateFramebuffer
                0x8001fbf4       0x28 /opt/devkitpro/libogc/lib/wii/libogc.a(system.o)
                0x8001fbf4                SYS_AllocateFramebuffer
 .text.SYS_GetWirelessID
                0x8001fc1c       0x78 /opt/devkitpro/libogc/lib/wii/libogc.a(system.o)
                0x8001fc1c                SYS_GetWirelessID
 .text.SYS_SetWirelessID
                0x8001fc94       0x84 /opt/devkitpro/libogc/lib/wii/libogc.a(system.o)
                0x8001fc94                SYS_SetWirelessID
 .text.SYS_SetGBSMode
                0x8001fd18       0x9c /opt/devkitpro/libogc/lib/wii/libogc.a(system.o)
                0x8001fd18                SYS_SetGBSMode
 .text.__sram_init
                0x8001fdb4      0x1b0 /opt/devkitpro/libogc/lib/wii/libogc.a(system.o)
                0x8001fdb4                __sram_init
 .text.SYS_Init
                0x8001ff64      0x4a4 /opt/devkitpro/libogc/lib/wii/libogc.a(system.o)
                0x8001ff64                SYS_Init
 .text.SYS_GetHollywoodRevision
                0x80020408       0x3c /opt/devkitpro/libogc/lib/wii/libogc.a(system.o)
                0x80020408                SYS_GetHollywoodRevision
 .text.SYS_Time
                0x80020444       0x54 /opt/devkitpro/libogc/lib/wii/libogc.a(system.o)
                0x80020444                SYS_Time
 .text.__si_transfer
                0x80020498      0x1b8 /opt/devkitpro/libogc/lib/wii/libogc.a(si.o)
 .text.__si_alarmhandler
                0x80020650       0xa0 /opt/devkitpro/libogc/lib/wii/libogc.a(si.o)
 .text.__si_completetransfer
                0x800206f0      0x1f4 /opt/devkitpro/libogc/lib/wii/libogc.a(si.o)
 .text.__si_transfernext
                0x800208e4       0xd8 /opt/devkitpro/libogc/lib/wii/libogc.a(si.o)
 .text.SI_Busy  0x800209bc       0x18 /opt/devkitpro/libogc/lib/wii/libogc.a(si.o)
                0x800209bc                SI_Busy
 .text.SI_IsChanBusy
                0x800209d4       0x38 /opt/devkitpro/libogc/lib/wii/libogc.a(si.o)
                0x800209d4                SI_IsChanBusy
 .text.SI_EnablePolling
                0x80020a0c       0x64 /opt/devkitpro/libogc/lib/wii/libogc.a(si.o)
                0x80020a0c                SI_EnablePolling
 .text.SI_DisablePolling
                0x80020a70       0x44 /opt/devkitpro/libogc/lib/wii/libogc.a(si.o)
                0x80020a70                SI_DisablePolling
 .text.SI_SetSamplingRate
                0x80020ab4      0x110 /opt/devkitpro/libogc/lib/wii/libogc.a(si.o)
                0x80020ab4                SI_SetSamplingRate
 .text.SI_RefreshSamplingRate
                0x80020bc4        0x8 /opt/devkitpro/libogc/lib/wii/libogc.a(si.o)
                0x80020bc4                SI_RefreshSamplingRate
 .text.SI_GetStatus
                0x80020bcc       0x6c /opt/devkitpro/libogc/lib/wii/libogc.a(si.o)
                0x80020bcc                SI_GetStatus
 .text.SI_GetResponseRaw
                0x80020c38       0xd4 /opt/devkitpro/libogc/lib/wii/libogc.a(si.o)
                0x80020c38                SI_GetResponseRaw
 .text.SI_GetResponse
                0x80020d0c       0xa4 /opt/devkitpro/libogc/lib/wii/libogc.a(si.o)
                0x80020d0c                SI_GetResponse
 .text.SI_SetCommand
                0x80020db0       0x10 /opt/devkitpro/libogc/lib/wii/libogc.a(si.o)
                0x80020db0                SI_SetCommand
 .text.SI_Transfer
                0x80020dc0      0x2dc /opt/devkitpro/libogc/lib/wii/libogc.a(si.o)
                0x80020dc0                SI_Transfer
 .text.__si_gettypecallback
                0x8002109c      0x2b8 /opt/devkitpro/libogc/lib/wii/libogc.a(si.o)
 .text.__si_interrupthandler
                0x80021354      0x278 /opt/devkitpro/libogc/lib/wii/libogc.a(si.o)
 .text.SI_GetType
                0x800215cc      0x1fc /opt/devkitpro/libogc/lib/wii/libogc.a(si.o)
                0x800215cc                SI_GetType
 .text.SI_GetTypeAsync
                0x800217c8      0x134 /opt/devkitpro/libogc/lib/wii/libogc.a(si.o)
                0x800217c8                SI_GetTypeAsync
 .text.SI_EnablePollingInterrupt
                0x800218fc       0x80 /opt/devkitpro/libogc/lib/wii/libogc.a(si.o)
                0x800218fc                SI_EnablePollingInterrupt
 .text.SI_UnregisterPollingHandler
                0x8002197c       0xd8 /opt/devkitpro/libogc/lib/wii/libogc.a(si.o)
                0x8002197c                SI_UnregisterPollingHandler
 .text.__si_init
                0x80021a54       0xe0 /opt/devkitpro/libogc/lib/wii/libogc.a(si.o)
                0x80021a54                __si_init
 .text.__ipc_sendrequest.part.0
                0x80021b34      0x110 /opt/devkitpro/libogc/lib/wii/libogc.a(ipc.o)
 .text.__ipc_syncrequest
                0x80021c44       0xe8 /opt/devkitpro/libogc/lib/wii/libogc.a(ipc.o)
 .text.__ioctlvfmtCB
                0x80021d2c      0x158 /opt/devkitpro/libogc/lib/wii/libogc.a(ipc.o)
 .text.__ios_ioctlvformat_parse
                0x80021e84      0x804 /opt/devkitpro/libogc/lib/wii/libogc.a(ipc.o)
 .text.__ipc_asyncrequest
                0x80022688      0x128 /opt/devkitpro/libogc/lib/wii/libogc.a(ipc.o)
 .text.__ipc_interrupthandler
                0x800227b0      0x384 /opt/devkitpro/libogc/lib/wii/libogc.a(ipc.o)
 .text.iosCreateHeap
                0x80022b34      0x124 /opt/devkitpro/libogc/lib/wii/libogc.a(ipc.o)
                0x80022b34                iosCreateHeap
 .text.iosAlloc
                0x80022c58       0x30 /opt/devkitpro/libogc/lib/wii/libogc.a(ipc.o)
                0x80022c58                iosAlloc
 .text.iosFree  0x80022c88       0x28 /opt/devkitpro/libogc/lib/wii/libogc.a(ipc.o)
                0x80022c88                iosFree
 .text.__IPC_ClntInit
                0x80022cb0       0xc4 /opt/devkitpro/libogc/lib/wii/libogc.a(ipc.o)
                0x80022cb0                __IPC_ClntInit
 .text.IOS_Open
                0x80022d74      0x148 /opt/devkitpro/libogc/lib/wii/libogc.a(ipc.o)
                0x80022d74                IOS_Open
 .text.IOS_Close
                0x80022ebc       0xf0 /opt/devkitpro/libogc/lib/wii/libogc.a(ipc.o)
                0x80022ebc                IOS_Close
 .text.IOS_Read
                0x80022fac      0x10c /opt/devkitpro/libogc/lib/wii/libogc.a(ipc.o)
                0x80022fac                IOS_Read
 .text.IOS_Write
                0x800230b8      0x144 /opt/devkitpro/libogc/lib/wii/libogc.a(ipc.o)
                0x800230b8                IOS_Write
 .text.IOS_Ioctl
                0x800231fc      0x1c8 /opt/devkitpro/libogc/lib/wii/libogc.a(ipc.o)
                0x800231fc                IOS_Ioctl
 .text.IOS_IoctlAsync
                0x800233c4      0x1b8 /opt/devkitpro/libogc/lib/wii/libogc.a(ipc.o)
                0x800233c4                IOS_IoctlAsync
 .text.IOS_Ioctlv
                0x8002357c      0x298 /opt/devkitpro/libogc/lib/wii/libogc.a(ipc.o)
                0x8002357c                IOS_Ioctlv
 .text.IOS_IoctlvAsync
                0x80023814      0x27c /opt/devkitpro/libogc/lib/wii/libogc.a(ipc.o)
                0x80023814                IOS_IoctlvAsync
 .text.IOS_IoctlvFormat
                0x80023a90      0x170 /opt/devkitpro/libogc/lib/wii/libogc.a(ipc.o)
                0x80023a90                IOS_IoctlvFormat
 .text.IOS_IoctlvReboot
                0x80023c00      0x29c /opt/devkitpro/libogc/lib/wii/libogc.a(ipc.o)
                0x80023c00                IOS_IoctlvReboot
 .text.settime  0x80023e9c       0x14 /opt/devkitpro/libogc/lib/wii/libogc.a(timesupp.o)
                0x80023e9c                settime
 .text.udelay   0x80023eb0       0xac /opt/devkitpro/libogc/lib/wii/libogc.a(timesupp.o)
                0x80023eb0                udelay
 .text.__libogc_gettod_r
                0x80023f5c       0xd8 /opt/devkitpro/libogc/lib/wii/libogc.a(timesupp.o)
                0x80023f5c                __libogc_gettod_r
 .text.__usbgecko_exi_unlock
                0x80024034       0x34 /opt/devkitpro/libogc/lib/wii/libogc.a(usbgecko.o)
 .text.usb_isgeckoalive
                0x80024068      0x1bc /opt/devkitpro/libogc/lib/wii/libogc.a(usbgecko.o)
                0x80024068                usb_isgeckoalive
 .text.usb_sendbuffer_ex
                0x80024224      0x208 /opt/devkitpro/libogc/lib/wii/libogc.a(usbgecko.o)
                0x80024224                usb_sendbuffer_ex
 .text.usb_sendbuffer
                0x8002442c        0x8 /opt/devkitpro/libogc/lib/wii/libogc.a(usbgecko.o)
                0x8002442c                usb_sendbuffer
 .text.usb_sendbuffer_safe_ex
                0x80024434      0x2a0 /opt/devkitpro/libogc/lib/wii/libogc.a(usbgecko.o)
                0x80024434                usb_sendbuffer_safe_ex
 .text.usb_sendbuffer_safe
                0x800246d4        0x8 /opt/devkitpro/libogc/lib/wii/libogc.a(usbgecko.o)
                0x800246d4                usb_sendbuffer_safe
 .text._sbrk_r  0x800246dc      0x260 /opt/devkitpro/libogc/lib/wii/libogc.a(sbrk.o)
                0x800246dc                _sbrk_r
 .text.__STM_SetEventHook
                0x8002493c       0x98 /opt/devkitpro/libogc/lib/wii/libogc.a(stm.o)
                0x8002493c                __STM_SetEventHook
 .text.__STM_Init
                0x800249d4       0x8c /opt/devkitpro/libogc/lib/wii/libogc.a(stm.o)
                0x800249d4                __STM_Init
 .text.__STMEventHandler
                0x80024a60       0x64 /opt/devkitpro/libogc/lib/wii/libogc.a(stm.o)
 .text.__STM_ReleaseEventHook
                0x80024ac4       0x80 /opt/devkitpro/libogc/lib/wii/libogc.a(stm.o)
                0x80024ac4                __STM_ReleaseEventHook
 .text.__STM_Close
                0x80024b44       0xa8 /opt/devkitpro/libogc/lib/wii/libogc.a(stm.o)
                0x80024b44                __STM_Close
 .text.STM_RegisterEventHandler
                0x80024bec       0x10 /opt/devkitpro/libogc/lib/wii/libogc.a(stm.o)
                0x80024bec                STM_RegisterEventHandler
 .text.STM_ShutdownToStandby
                0x80024bfc       0x50 /opt/devkitpro/libogc/lib/wii/libogc.a(stm.o)
                0x80024bfc                STM_ShutdownToStandby
 .text.STM_ShutdownToIdle
                0x80024c4c       0xb4 /opt/devkitpro/libogc/lib/wii/libogc.a(stm.o)
                0x80024c4c                STM_ShutdownToIdle
 .text.STM_SetLedMode
                0x80024d00       0x40 /opt/devkitpro/libogc/lib/wii/libogc.a(stm.o)
                0x80024d00                STM_SetLedMode
 .text.STM_RebootSystem
                0x80024d40       0x50 /opt/devkitpro/libogc/lib/wii/libogc.a(stm.o)
                0x80024d40                STM_RebootSystem
 .text.__IOS_InitializeSubsystems
                0x80024d90       0x48 /opt/devkitpro/libogc/lib/wii/libogc.a(ios.o)
                0x80024d90                __IOS_InitializeSubsystems
 .text.__IOS_ShutdownSubsystems
                0x80024dd8       0x48 /opt/devkitpro/libogc/lib/wii/libogc.a(ios.o)
                0x80024dd8                __IOS_ShutdownSubsystems
 .text.__IOS_LoadStartupIOS
                0x80024e20        0x8 /opt/devkitpro/libogc/lib/wii/libogc.a(ios.o)
                0x80024e20                __IOS_LoadStartupIOS
 .text._ES_fstat_r
                0x80024e28      0x124 /opt/devkitpro/libogc/lib/wii/libogc.a(es.o)
 .text._ES_seek_r
                0x80024f4c       0xd8 /opt/devkitpro/libogc/lib/wii/libogc.a(es.o)
 .text._ES_close_r
                0x80025024       0xb4 /opt/devkitpro/libogc/lib/wii/libogc.a(es.o)
 .text._ES_decodepath
                0x800250d8      0x420 /opt/devkitpro/libogc/lib/wii/libogc.a(es.o)
 .text._ES_stat_r
                0x800254f8       0xf0 /opt/devkitpro/libogc/lib/wii/libogc.a(es.o)
 .text.__ES_Init
                0x800255e8       0x78 /opt/devkitpro/libogc/lib/wii/libogc.a(es.o)
                0x800255e8                __ES_Init
 .text.__ES_Close
                0x80025660       0x54 /opt/devkitpro/libogc/lib/wii/libogc.a(es.o)
                0x80025660                __ES_Close
 .text.ES_GetTitleID
                0x800256b4       0x94 /opt/devkitpro/libogc/lib/wii/libogc.a(es.o)
                0x800256b4                ES_GetTitleID
 .text.ES_LaunchTitle
                0x80025748       0x9c /opt/devkitpro/libogc/lib/wii/libogc.a(es.o)
                0x80025748                ES_LaunchTitle
 .text.ES_GetNumTicketViews
                0x800257e4       0x98 /opt/devkitpro/libogc/lib/wii/libogc.a(es.o)
                0x800257e4                ES_GetNumTicketViews
 .text.ES_GetTicketViews
                0x8002587c       0x8c /opt/devkitpro/libogc/lib/wii/libogc.a(es.o)
                0x8002587c                ES_GetTicketViews
 .text._ES_open_r
                0x80025908      0x1cc /opt/devkitpro/libogc/lib/wii/libogc.a(es.o)
 .text.ES_ReadContent
                0x80025ad4       0x6c /opt/devkitpro/libogc/lib/wii/libogc.a(es.o)
                0x80025ad4                ES_ReadContent
 .text._ES_read_r
                0x80025b40      0x1c0 /opt/devkitpro/libogc/lib/wii/libogc.a(es.o)
 .text.__usbv5_messageCB
                0x80025d00       0x5c /opt/devkitpro/libogc/lib/wii/libogc.a(usb.o)
 .text.__usb_interrupt_bulk_message
                0x80025d5c      0x2a4 /opt/devkitpro/libogc/lib/wii/libogc.a(usb.o)
 .text.__usb_control_message
                0x80026000      0x444 /opt/devkitpro/libogc/lib/wii/libogc.a(usb.o)
 .text.__usbv5_devicechangeCB
                0x80026444      0x180 /opt/devkitpro/libogc/lib/wii/libogc.a(usb.o)
 .text.__usbv5_attachfinishCB
                0x800265c4       0xec /opt/devkitpro/libogc/lib/wii/libogc.a(usb.o)
 .text.__usbv0_messageCB
                0x800266b0       0xa8 /opt/devkitpro/libogc/lib/wii/libogc.a(usb.o)
 .text.USB_FreeDescriptors.part.0
                0x80026758       0xfc /opt/devkitpro/libogc/lib/wii/libogc.a(usb.o)
 .text.USB_GetDescriptors.part.0
                0x80026854      0x69c /opt/devkitpro/libogc/lib/wii/libogc.a(usb.o)
 .text.USBV5_SuspendResume
                0x80026ef0      0x13c /opt/devkitpro/libogc/lib/wii/libogc.a(usb.o)
 .text.USBV5_GetDescriptors
                0x8002702c      0x508 /opt/devkitpro/libogc/lib/wii/libogc.a(usb.o)
 .text.USB_Deinitialize
                0x80027534       0xc8 /opt/devkitpro/libogc/lib/wii/libogc.a(usb.o)
                0x80027534                USB_Deinitialize
 .text.USB_Initialize
                0x800275fc      0x30c /opt/devkitpro/libogc/lib/wii/libogc.a(usb.o)
                0x800275fc                USB_Initialize
 .text.USB_OpenDevice
                0x80027908      0x2f0 /opt/devkitpro/libogc/lib/wii/libogc.a(usb.o)
                0x80027908                USB_OpenDevice
 .text.USBV5_CloseDevice
                0x80027bf8      0x128 /opt/devkitpro/libogc/lib/wii/libogc.a(usb.o)
                0x80027bf8                USBV5_CloseDevice
 .text.USB_CloseDevice
                0x80027d20       0x84 /opt/devkitpro/libogc/lib/wii/libogc.a(usb.o)
                0x80027d20                USB_CloseDevice
 .text.USB_ReadIntrMsgAsync
                0x80027da4       0x28 /opt/devkitpro/libogc/lib/wii/libogc.a(usb.o)
                0x80027da4                USB_ReadIntrMsgAsync
 .text.USB_ReadBlkMsgAsync
                0x80027dcc       0x28 /opt/devkitpro/libogc/lib/wii/libogc.a(usb.o)
                0x80027dcc                USB_ReadBlkMsgAsync
 .text.USB_WriteBlkMsgAsync
                0x80027df4       0x28 /opt/devkitpro/libogc/lib/wii/libogc.a(usb.o)
                0x80027df4                USB_WriteBlkMsgAsync
 .text.USB_WriteCtrlMsgAsync
                0x80027e1c        0x4 /opt/devkitpro/libogc/lib/wii/libogc.a(usb.o)
                0x80027e1c                USB_WriteCtrlMsgAsync
 .text.__CheckARGV
                0x80027e20       0x80 /opt/devkitpro/libogc/lib/wii/libogc.a(argv.o)
                0x80027e20                __CheckARGV
 .text.CONF_Init
                0x80027ea0      0x19c /opt/devkitpro/libogc/lib/wii/libogc.a(conf.o)
                0x80027ea0                CONF_Init
 .text.__CONF_GetTxt
                0x8002803c      0x1d0 /opt/devkitpro/libogc/lib/wii/libogc.a(conf.o)
                0x8002803c                __CONF_GetTxt
 .text.__CONF_Find
                0x8002820c       0xf4 /opt/devkitpro/libogc/lib/wii/libogc.a(conf.o)
                0x8002820c                __CONF_Find
 .text.CONF_GetLength
                0x80028300      0x120 /opt/devkitpro/libogc/lib/wii/libogc.a(conf.o)
                0x80028300                CONF_GetLength
 .text.CONF_Get
                0x80028420      0x140 /opt/devkitpro/libogc/lib/wii/libogc.a(conf.o)
                0x80028420                CONF_Get
 .text.CONF_Set
                0x80028560      0x138 /opt/devkitpro/libogc/lib/wii/libogc.a(conf.o)
                0x80028560                CONF_Set
 .text.CONF_SaveChanges
                0x80028698       0xb0 /opt/devkitpro/libogc/lib/wii/libogc.a(conf.o)
                0x80028698                CONF_SaveChanges
 .text.CONF_GetShutdownMode
                0x80028748       0x54 /opt/devkitpro/libogc/lib/wii/libogc.a(conf.o)
                0x80028748                CONF_GetShutdownMode
 .text.CONF_GetIdleLedMode
                0x8002879c       0x54 /opt/devkitpro/libogc/lib/wii/libogc.a(conf.o)
                0x8002879c                CONF_GetIdleLedMode
 .text.CONF_GetProgressiveScan
                0x800287f0       0x54 /opt/devkitpro/libogc/lib/wii/libogc.a(conf.o)
                0x800287f0                CONF_GetProgressiveScan
 .text.CONF_GetEuRGB60
                0x80028844       0x54 /opt/devkitpro/libogc/lib/wii/libogc.a(conf.o)
                0x80028844                CONF_GetEuRGB60
 .text.CONF_GetIRSensitivity
                0x80028898       0x54 /opt/devkitpro/libogc/lib/wii/libogc.a(conf.o)
                0x80028898                CONF_GetIRSensitivity
 .text.CONF_GetSensorBarPosition
                0x800288ec       0x54 /opt/devkitpro/libogc/lib/wii/libogc.a(conf.o)
                0x800288ec                CONF_GetSensorBarPosition
 .text.CONF_GetCounterBias
                0x80028940       0x4c /opt/devkitpro/libogc/lib/wii/libogc.a(conf.o)
                0x80028940                CONF_GetCounterBias
 .text.CONF_GetDisplayOffsetH
                0x8002898c       0x4c /opt/devkitpro/libogc/lib/wii/libogc.a(conf.o)
                0x8002898c                CONF_GetDisplayOffsetH
 .text.CONF_GetPadDevices
                0x800289d8       0x4c /opt/devkitpro/libogc/lib/wii/libogc.a(conf.o)
                0x800289d8                CONF_GetPadDevices
 .text.CONF_SetPadDevices
                0x80028a24       0x2c /opt/devkitpro/libogc/lib/wii/libogc.a(conf.o)
                0x80028a24                CONF_SetPadDevices
 .text.CONF_GetPadGuestDevices
                0x80028a50       0x4c /opt/devkitpro/libogc/lib/wii/libogc.a(conf.o)
                0x80028a50                CONF_GetPadGuestDevices
 .text.CONF_SetPadGuestDevices
                0x80028a9c       0x70 /opt/devkitpro/libogc/lib/wii/libogc.a(conf.o)
                0x80028a9c                CONF_SetPadGuestDevices
 .text.CONF_GetVideo
                0x80028b0c       0x88 /opt/devkitpro/libogc/lib/wii/libogc.a(conf.o)
                0x80028b0c                CONF_GetVideo
 .text.__WII_WriteNANDBootInfo.isra.0
                0x80028b94       0xc0 /opt/devkitpro/libogc/lib/wii/libogc.a(wiilaunch.o)
 .text.__WII_WriteStateFlags.isra.0
                0x80028c54       0x98 /opt/devkitpro/libogc/lib/wii/libogc.a(wiilaunch.o)
 .text.WII_Initialize
                0x80028cec      0x194 /opt/devkitpro/libogc/lib/wii/libogc.a(wiilaunch.o)
                0x80028cec                WII_Initialize
 .text.WII_LaunchTitle
                0x80028e80      0x1b0 /opt/devkitpro/libogc/lib/wii/libogc.a(wiilaunch.o)
                0x80028e80                WII_LaunchTitle
 .text.WII_ReturnToMenu
                0x80029030       0x58 /opt/devkitpro/libogc/lib/wii/libogc.a(wiilaunch.o)
                0x80029030                WII_ReturnToMenu
 .text.__libogc_panic
                0x80029088      0x3cc /opt/devkitpro/libogc/lib/wii/libogc.a(default_panic.o)
                0x80029088                __libogc_panic
 .text.PPCDCacheFlushAsync
                0x80029454       0x28 /opt/devkitpro/libogc/lib/wii/libogc.a(cache.o)
                0x80029454                PPCDCacheFlushAsync
 .text.PPCDCacheInvalidate
                0x8002947c       0x28 /opt/devkitpro/libogc/lib/wii/libogc.a(cache.o)
                0x8002947c                PPCDCacheInvalidate
 .text.PPCICacheInvalidate
                0x800294a4       0x28 /opt/devkitpro/libogc/lib/wii/libogc.a(cache.o)
                0x800294a4                PPCICacheInvalidate
 .text.LWP_MutexInit
                0x800294cc      0x12c /opt/devkitpro/libogc/lib/wii/libogc.a(lwpc_sync.o)
                0x800294cc                LWP_MutexInit
 .text.LWP_MutexDestroy
                0x800295f8       0xa0 /opt/devkitpro/libogc/lib/wii/libogc.a(lwpc_sync.o)
                0x800295f8                LWP_MutexDestroy
 .text.LWP_MutexLock
                0x80029698       0xec /opt/devkitpro/libogc/lib/wii/libogc.a(lwpc_sync.o)
                0x80029698                LWP_MutexLock
 .text.LWP_MutexUnlock
                0x80029784       0xd4 /opt/devkitpro/libogc/lib/wii/libogc.a(lwpc_sync.o)
                0x80029784                LWP_MutexUnlock
 .text.SPEC1_MakeStatus
                0x80029858      0x104 /opt/devkitpro/libogc/lib/wii/libogc.a(pad.o)
 .text.__pad_samplinghandler
                0x8002995c        0x4 /opt/devkitpro/libogc/lib/wii/libogc.a(pad.o)
 .text.__pad_updateorigin
                0x80029960       0x98 /opt/devkitpro/libogc/lib/wii/libogc.a(pad.o)
 .text.__pad_disable
                0x800299f8       0xa0 /opt/devkitpro/libogc/lib/wii/libogc.a(pad.o)
 .text.__pad_receivecheckcallback
                0x80029a98       0x74 /opt/devkitpro/libogc/lib/wii/libogc.a(pad.o)
 .text.__pad_doreset
                0x80029b0c       0x5c /opt/devkitpro/libogc/lib/wii/libogc.a(pad.o)
 .text.__pad_typeandstatuscallback
                0x80029b68      0x1b4 /opt/devkitpro/libogc/lib/wii/libogc.a(pad.o)
 .text.__pad_originupdatecallback
                0x80029d1c       0x2c /opt/devkitpro/libogc/lib/wii/libogc.a(pad.o)
 .text.__pad_onreset
                0x80029d48       0xf0 /opt/devkitpro/libogc/lib/wii/libogc.a(pad.o)
 .text.SPEC2_MakeStatus
                0x80029e38      0x220 /opt/devkitpro/libogc/lib/wii/libogc.a(pad.o)
 .text.__pad_origincallback
                0x8002a058       0x74 /opt/devkitpro/libogc/lib/wii/libogc.a(pad.o)
 .text.__pad_probecallback
                0x8002a0cc       0x84 /opt/devkitpro/libogc/lib/wii/libogc.a(pad.o)
 .text.__PADDisableRecalibration
                0x8002a150       0x54 /opt/devkitpro/libogc/lib/wii/libogc.a(pad.o)
                0x8002a150                __PADDisableRecalibration
 .text.PAD_Reset
                0x8002a1a4       0xdc /opt/devkitpro/libogc/lib/wii/libogc.a(pad.o)
                0x8002a1a4                PAD_Reset
 .text.PAD_Read
                0x8002a280      0x2c0 /opt/devkitpro/libogc/lib/wii/libogc.a(pad.o)
                0x8002a280                PAD_Read
 .text.PAD_Init
                0x8002a540       0xf8 /opt/devkitpro/libogc/lib/wii/libogc.a(pad.o)
                0x8002a540                PAD_Init
 .text.PAD_ScanPads
                0x8002a638      0x13c /opt/devkitpro/libogc/lib/wii/libogc.a(pad.o)
                0x8002a638                PAD_ScanPads
 .text.PAD_ButtonsDown
                0x8002a774       0x3c /opt/devkitpro/libogc/lib/wii/libogc.a(pad.o)
                0x8002a774                PAD_ButtonsDown
 .text.__exi_irq_handler
                0x8002a7b0       0x58 /opt/devkitpro/libogc/lib/wii/libogc.a(exi.o)
 .text.__ext_irq_handler
                0x8002a808       0xc8 /opt/devkitpro/libogc/lib/wii/libogc.a(exi.o)
 .text.__tc_irq_handler
                0x8002a8d0      0x164 /opt/devkitpro/libogc/lib/wii/libogc.a(exi.o)
 .text.__exi_probe
                0x8002aa34      0x23c /opt/devkitpro/libogc/lib/wii/libogc.a(exi.o)
 .text.__exi_attach
                0x8002ac70      0x104 /opt/devkitpro/libogc/lib/wii/libogc.a(exi.o)
 .text.EXI_Lock
                0x8002ad74      0x244 /opt/devkitpro/libogc/lib/wii/libogc.a(exi.o)
                0x8002ad74                EXI_Lock
 .text.EXI_Unlock
                0x8002afb8      0x290 /opt/devkitpro/libogc/lib/wii/libogc.a(exi.o)
                0x8002afb8                EXI_Unlock
 .text.EXI_Select
                0x8002b248      0x204 /opt/devkitpro/libogc/lib/wii/libogc.a(exi.o)
                0x8002b248                EXI_Select
 .text.EXI_Deselect
                0x8002b44c      0x154 /opt/devkitpro/libogc/lib/wii/libogc.a(exi.o)
                0x8002b44c                EXI_Deselect
 .text.EXI_Sync
                0x8002b5a0      0x114 /opt/devkitpro/libogc/lib/wii/libogc.a(exi.o)
                0x8002b5a0                EXI_Sync
 .text.EXI_Imm  0x8002b6b4      0x1d8 /opt/devkitpro/libogc/lib/wii/libogc.a(exi.o)
                0x8002b6b4                EXI_Imm
 .text.EXI_ImmEx
                0x8002b88c       0xbc /opt/devkitpro/libogc/lib/wii/libogc.a(exi.o)
                0x8002b88c                EXI_ImmEx
 .text.EXI_Dma  0x8002b948      0x138 /opt/devkitpro/libogc/lib/wii/libogc.a(exi.o)
                0x8002b948                EXI_Dma
 .text.EXI_Detach
                0x8002ba80       0xbc /opt/devkitpro/libogc/lib/wii/libogc.a(exi.o)
                0x8002ba80                EXI_Detach
 .text.EXI_GetID
                0x8002bb3c      0x358 /opt/devkitpro/libogc/lib/wii/libogc.a(exi.o)
                0x8002bb3c                EXI_GetID
 .text.__unlocked_handler
                0x8002be94       0x28 /opt/devkitpro/libogc/lib/wii/libogc.a(exi.o)
 .text.EXI_ProbeReset
                0x8002bebc       0x70 /opt/devkitpro/libogc/lib/wii/libogc.a(exi.o)
                0x8002bebc                EXI_ProbeReset
 .text.__exi_init
                0x8002bf2c      0x17c /opt/devkitpro/libogc/lib/wii/libogc.a(exi.o)
                0x8002bf2c                __exi_init
 .text          0x8002c0a8      0x32c /opt/devkitpro/libogc/lib/wii/libogc.a(cache_asm.o)
                0x8002c0a8                DCFlashInvalidate
                0x8002c0bc                DCEnable
                0x8002c0d0                DCDisable
                0x8002c0e4                DCFreeze
                0x8002c0f8                DCUnfreeze
                0x8002c10c                ICFlashInvalidate
                0x8002c120                ICEnable
                0x8002c134                ICDisable
                0x8002c148                ICFreeze
                0x8002c15c                ICUnfreeze
                0x8002c170                L2Init
                0x8002c1b8                L2Enable
                0x8002c1d4                L2Disable
                0x8002c1ec                L2GlobalInvalidate
                0x8002c244                __LCEnable
                0x8002c310                LCDisable
                0x8002c338                LCAllocOneTag
                0x8002c34c                LCAllocTags
                0x8002c38c                LCLoadBlocks